[ 2026-05-29T10:58:32+08:00 ] ::1 /Home/NewLabel/index.html
INFO: [ app_init ] --START--
INFO: Run Behavior\BuildLiteBehavior [ RunTime:0.000006s ]
INFO: [ app_init ] --END-- [ RunTime:0.000585s ]
INFO: [ app_begin ] --START--
INFO: Run Behavior\ReadHtmlCacheBehavior [ RunTime:0.000038s ]
INFO: [ app_begin ] --END-- [ RunTime:0.000058s ]
SQL: SHOW COLUMNS FROM `new_label` [ RunTime:0.0739s ]
SQL: SELECT * FROM `new_label` ORDER BY id asc  [ RunTime:0.0097s ]
INFO: [ view_parse ] --START--
INFO: [ template_filter ] --START--
INFO: Run Behavior\ContentReplaceBehavior [ RunTime:0.000087s ]
INFO: [ template_filter ] --END-- [ RunTime:0.000109s ]
INFO: Run Behavior\ParseTemplateBehavior [ RunTime:0.030612s ]
INFO: [ view_parse ] --END-- [ RunTime:0.030651s ]
INFO: [ view_filter ] --START--
INFO: Run Behavior\WriteHtmlCacheBehavior [ RunTime:0.000064s ]
INFO: [ view_filter ] --END-- [ RunTime:0.000070s ]
INFO: [ app_end ] --START--
INFO: Run Behavior\ShowPageTraceBehavior [ RunTime:0.000051s ]
INFO: [ app_end ] --END-- [ RunTime:0.000063s ]

[ 2026-05-29T10:58:34+08:00 ] ::1 /Home/Core/infos/model/new_label.html
INFO: [ app_init ] --START--
INFO: Run Behavior\BuildLiteBehavior [ RunTime:0.000005s ]
INFO: [ app_init ] --END-- [ RunTime:0.000041s ]
INFO: [ app_begin ] --START--
INFO: Run Behavior\ReadHtmlCacheBehavior [ RunTime:0.000019s ]
INFO: [ app_begin ] --END-- [ RunTime:0.000032s ]
SQL: SHOW COLUMNS FROM `new_label` [ RunTime:0.0129s ]
SQL: SELECT * FROM `new_label` WHERE `id` = 3 LIMIT 1   [ RunTime:0.0035s ]
ERR: {"status":1,"msg":"\u83b7\u53d6\u6210\u529f","data":{"id":3,"cate_label_id":0,"name":"\u5bfc\u4f53\u6750\u6599\u4ef7\u683c","cate_type":0,"pid":0,"ratio":"0.0000","price":"0.0000","status":1,"is_del":1,"level":0,"add_time":1731509772,"up_time":1735321845,"pid_str":"","pid2":0,"pid2_str":"","ratio2":"100.0000","pid3":0,"pid3_str":"","ratio3":"100.0000","end_ratio":"0.0000","level2":1,"level3":1}}

[ 2026-05-29T10:58:37+08:00 ] ::1 /Home/Core/edits/model/new_label.html
INFO: [ app_init ] --START--
INFO: Run Behavior\BuildLiteBehavior [ RunTime:0.000012s ]
INFO: [ app_init ] --END-- [ RunTime:0.000106s ]
INFO: [ app_begin ] --START--
INFO: Run Behavior\ReadHtmlCacheBehavior [ RunTime:0.000037s ]
INFO: [ app_begin ] --END-- [ RunTime:0.000056s ]
SQL: SHOW COLUMNS FROM `new_label` [ RunTime:0.0092s ]
SQL: UPDATE `new_label` SET `name`='导体材料价格1',`up_time`='1780023517' WHERE ( id='3' ) [ RunTime:0.0422s ]
NOTIC: [2] Undefined array key "new_label" /Users/gangliu/data/catdesk_workspace/yilan/App/Home/Controller/CoreController.class.php 第 196 行.
NOTIC: [8192] parse_url(): Passing null to parameter #1 ($url) of type string is deprecated /Users/gangliu/data/catdesk_workspace/yilan/ThinkPHP/Common/functions.php 第 888 行.
ERR: {"status":1,"msg":"\u4fee\u6539\u6210\u529f","data":"\/Home\/Core\/edits.html"}

[ 2026-05-29T10:58:37+08:00 ] ::1 /Home/NewLabel/index.html
INFO: [ app_init ] --START--
INFO: Run Behavior\BuildLiteBehavior [ RunTime:0.000007s ]
INFO: [ app_init ] --END-- [ RunTime:0.000073s ]
INFO: [ app_begin ] --START--
INFO: Run Behavior\ReadHtmlCacheBehavior [ RunTime:0.000032s ]
INFO: [ app_begin ] --END-- [ RunTime:0.000057s ]
SQL: SHOW COLUMNS FROM `new_label` [ RunTime:0.0114s ]
SQL: SELECT * FROM `new_label` ORDER BY id asc  [ RunTime:0.0019s ]
INFO: [ view_parse ] --START--
INFO: [ template_filter ] --START--
INFO: Run Behavior\ContentReplaceBehavior [ RunTime:0.000172s ]
INFO: [ template_filter ] --END-- [ RunTime:0.000225s ]
INFO: Run Behavior\ParseTemplateBehavior [ RunTime:0.010102s ]
INFO: [ view_parse ] --END-- [ RunTime:0.010189s ]
INFO: [ view_filter ] --START--
INFO: Run Behavior\WriteHtmlCacheBehavior [ RunTime:0.000135s ]
INFO: [ view_filter ] --END-- [ RunTime:0.000149s ]
INFO: [ app_end ] --START--
INFO: Run Behavior\ShowPageTraceBehavior [ RunTime:0.000050s ]
INFO: [ app_end ] --END-- [ RunTime:0.000071s ]

[ 2026-05-29T10:58:42+08:00 ] ::1 /Home/Core/infos/model/new_label.html
INFO: [ app_init ] --START--
INFO: Run Behavior\BuildLiteBehavior [ RunTime:0.000008s ]
INFO: [ app_init ] --END-- [ RunTime:0.000104s ]
INFO: [ app_begin ] --START--
INFO: Run Behavior\ReadHtmlCacheBehavior [ RunTime:0.000032s ]
INFO: [ app_begin ] --END-- [ RunTime:0.000051s ]
SQL: SHOW COLUMNS FROM `new_label` [ RunTime:0.0086s ]
SQL: SELECT * FROM `new_label` WHERE `id` = 3 LIMIT 1   [ RunTime:0.0028s ]
ERR: {"status":1,"msg":"\u83b7\u53d6\u6210\u529f","data":{"id":3,"cate_label_id":0,"name":"\u5bfc\u4f53\u6750\u6599\u4ef7\u683c1","cate_type":0,"pid":0,"ratio":"0.0000","price":"0.0000","status":1,"is_del":1,"level":0,"add_time":1731509772,"up_time":1780023517,"pid_str":"","pid2":0,"pid2_str":"","ratio2":"100.0000","pid3":0,"pid3_str":"","ratio3":"100.0000","end_ratio":"0.0000","level2":1,"level3":1}}

[ 2026-05-29T10:58:45+08:00 ] ::1 /Home/Core/edits/model/new_label.html
INFO: [ app_init ] --START--
INFO: Run Behavior\BuildLiteBehavior [ RunTime:0.000003s ]
INFO: [ app_init ] --END-- [ RunTime:0.000039s ]
INFO: [ app_begin ] --START--
INFO: Run Behavior\ReadHtmlCacheBehavior [ RunTime:0.000013s ]
INFO: [ app_begin ] --END-- [ RunTime:0.000018s ]
SQL: SHOW COLUMNS FROM `new_label` [ RunTime:0.0090s ]
SQL: UPDATE `new_label` SET `name`='导体材料价格2',`up_time`='1780023525' WHERE ( id='3' ) [ RunTime:0.0041s ]
NOTIC: [2] Undefined array key "new_label" /Users/gangliu/data/catdesk_workspace/yilan/App/Home/Controller/CoreController.class.php 第 196 行.
NOTIC: [8192] parse_url(): Passing null to parameter #1 ($url) of type string is deprecated /Users/gangliu/data/catdesk_workspace/yilan/ThinkPHP/Common/functions.php 第 888 行.
ERR: {"status":1,"msg":"\u4fee\u6539\u6210\u529f","data":"\/Home\/Core\/edits.html"}

[ 2026-05-29T10:58:45+08:00 ] ::1 /Home/NewLabel/index.html
INFO: [ app_init ] --START--
INFO: Run Behavior\BuildLiteBehavior [ RunTime:0.000003s ]
INFO: [ app_init ] --END-- [ RunTime:0.000022s ]
INFO: [ app_begin ] --START--
INFO: Run Behavior\ReadHtmlCacheBehavior [ RunTime:0.000020s ]
INFO: [ app_begin ] --END-- [ RunTime:0.000040s ]
SQL: SHOW COLUMNS FROM `new_label` [ RunTime:0.0060s ]
SQL: SELECT * FROM `new_label` ORDER BY id asc  [ RunTime:0.0019s ]
INFO: [ view_parse ] --START--
INFO: [ template_filter ] --START--
INFO: Run Behavior\ContentReplaceBehavior [ RunTime:0.000090s ]
INFO: [ template_filter ] --END-- [ RunTime:0.000098s ]
INFO: Run Behavior\ParseTemplateBehavior [ RunTime:0.003542s ]
INFO: [ view_parse ] --END-- [ RunTime:0.003552s ]
INFO: [ view_filter ] --START--
INFO: Run Behavior\WriteHtmlCacheBehavior [ RunTime:0.000022s ]
INFO: [ view_filter ] --END-- [ RunTime:0.000025s ]
INFO: [ app_end ] --START--
INFO: Run Behavior\ShowPageTraceBehavior [ RunTime:0.000011s ]
INFO: [ app_end ] --END-- [ RunTime:0.000015s ]

[ 2026-05-29T10:58:47+08:00 ] ::1 /Home/Core/infos/model/new_label.html
INFO: [ app_init ] --START--
INFO: Run Behavior\BuildLiteBehavior [ RunTime:0.000008s ]
INFO: [ app_init ] --END-- [ RunTime:0.000213s ]
INFO: [ app_begin ] --START--
INFO: Run Behavior\ReadHtmlCacheBehavior [ RunTime:0.000030s ]
INFO: [ app_begin ] --END-- [ RunTime:0.000057s ]
SQL: SHOW COLUMNS FROM `new_label` [ RunTime:0.0054s ]
SQL: SELECT * FROM `new_label` WHERE `id` = 3 LIMIT 1   [ RunTime:0.0014s ]
ERR: {"status":1,"msg":"\u83b7\u53d6\u6210\u529f","data":{"id":3,"cate_label_id":0,"name":"\u5bfc\u4f53\u6750\u6599\u4ef7\u683c2","cate_type":0,"pid":0,"ratio":"0.0000","price":"0.0000","status":1,"is_del":1,"level":0,"add_time":1731509772,"up_time":1780023525,"pid_str":"","pid2":0,"pid2_str":"","ratio2":"100.0000","pid3":0,"pid3_str":"","ratio3":"100.0000","end_ratio":"0.0000","level2":1,"level3":1}}

[ 2026-05-29T10:58:49+08:00 ] ::1 /Home/Core/edits/model/new_label.html
INFO: [ app_init ] --START--
INFO: Run Behavior\BuildLiteBehavior [ RunTime:0.000006s ]
INFO: [ app_init ] --END-- [ RunTime:0.000061s ]
INFO: [ app_begin ] --START--
INFO: Run Behavior\ReadHtmlCacheBehavior [ RunTime:0.000030s ]
INFO: [ app_begin ] --END-- [ RunTime:0.000047s ]
SQL: SHOW COLUMNS FROM `new_label` [ RunTime:0.0053s ]
SQL: UPDATE `new_label` SET `name`='导体材料价格',`up_time`='1780023529' WHERE ( id='3' ) [ RunTime:0.0022s ]
NOTIC: [2] Undefined array key "new_label" /Users/gangliu/data/catdesk_workspace/yilan/App/Home/Controller/CoreController.class.php 第 196 行.
NOTIC: [8192] parse_url(): Passing null to parameter #1 ($url) of type string is deprecated /Users/gangliu/data/catdesk_workspace/yilan/ThinkPHP/Common/functions.php 第 888 行.
ERR: {"status":1,"msg":"\u4fee\u6539\u6210\u529f","data":"\/Home\/Core\/edits.html"}

[ 2026-05-29T10:58:49+08:00 ] ::1 /Home/NewLabel/index.html
INFO: [ app_init ] --START--
INFO: Run Behavior\BuildLiteBehavior [ RunTime:0.000005s ]
INFO: [ app_init ] --END-- [ RunTime:0.000061s ]
INFO: [ app_begin ] --START--
INFO: Run Behavior\ReadHtmlCacheBehavior [ RunTime:0.000061s ]
INFO: [ app_begin ] --END-- [ RunTime:0.000103s ]
SQL: SHOW COLUMNS FROM `new_label` [ RunTime:0.0065s ]
SQL: SELECT * FROM `new_label` ORDER BY id asc  [ RunTime:0.0014s ]
INFO: [ view_parse ] --START--
INFO: [ template_filter ] --START--
INFO: Run Behavior\ContentReplaceBehavior [ RunTime:0.000300s ]
INFO: [ template_filter ] --END-- [ RunTime:0.000362s ]
INFO: Run Behavior\ParseTemplateBehavior [ RunTime:0.011735s ]
INFO: [ view_parse ] --END-- [ RunTime:0.011782s ]
INFO: [ view_filter ] --START--
INFO: Run Behavior\WriteHtmlCacheBehavior [ RunTime:0.000128s ]
INFO: [ view_filter ] --END-- [ RunTime:0.000137s ]
INFO: [ app_end ] --START--
INFO: Run Behavior\ShowPageTraceBehavior [ RunTime:0.000037s ]
INFO: [ app_end ] --END-- [ RunTime:0.000048s ]

[ 2026-05-29T10:58:58+08:00 ] ::1 /Home/NewCate/index.html
INFO: [ app_init ] --START--
INFO: Run Behavior\BuildLiteBehavior [ RunTime:0.000005s ]
INFO: [ app_init ] --END-- [ RunTime:0.000046s ]
INFO: [ app_begin ] --START--
INFO: Run Behavior\ReadHtmlCacheBehavior [ RunTime:0.000015s ]
INFO: [ app_begin ] --END-- [ RunTime:0.000027s ]
SQL: SHOW COLUMNS FROM `new_cate` [ RunTime:0.0051s ]
INFO: [ view_parse ] --START--
INFO: [ template_filter ] --START--
INFO: Run Behavior\ContentReplaceBehavior [ RunTime:0.000086s ]
INFO: [ template_filter ] --END-- [ RunTime:0.000111s ]
NOTIC: [2] Undefined variable $cate_list /Users/gangliu/data/catdesk_workspace/yilan/App/Runtime/Cache/Home/fcc262934e70bc859d1317eb5ca6c5b3.php 第 182 行.
NOTIC: [2] Undefined variable $list /Users/gangliu/data/catdesk_workspace/yilan/App/Runtime/Cache/Home/fcc262934e70bc859d1317eb5ca6c5b3.php 第 326 行.
NOTIC: [2] Undefined variable $list /Users/gangliu/data/catdesk_workspace/yilan/App/Runtime/Cache/Home/fcc262934e70bc859d1317eb5ca6c5b3.php 第 350 行.
NOTIC: [2] Trying to access array offset on value of type null /Users/gangliu/data/catdesk_workspace/yilan/App/Runtime/Cache/Home/fcc262934e70bc859d1317eb5ca6c5b3.php 第 350 行.
INFO: Run Behavior\ParseTemplateBehavior [ RunTime:0.012318s ]
INFO: [ view_parse ] --END-- [ RunTime:0.012340s ]
INFO: [ view_filter ] --START--
INFO: Run Behavior\WriteHtmlCacheBehavior [ RunTime:0.000041s ]
INFO: [ view_filter ] --END-- [ RunTime:0.000047s ]
INFO: [ app_end ] --START--
INFO: Run Behavior\ShowPageTraceBehavior [ RunTime:0.000066s ]
INFO: [ app_end ] --END-- [ RunTime:0.000111s ]

[ 2026-05-29T10:58:58+08:00 ] ::1 /Home/NewCate/ajaxCateFirst.html
INFO: [ app_init ] --START--
INFO: Run Behavior\BuildLiteBehavior [ RunTime:0.000004s ]
INFO: [ app_init ] --END-- [ RunTime:0.000031s ]
INFO: [ app_begin ] --START--
INFO: Run Behavior\ReadHtmlCacheBehavior [ RunTime:0.000019s ]
INFO: [ app_begin ] --END-- [ RunTime:0.000031s ]
SQL: SHOW COLUMNS FROM `new_cate` [ RunTime:0.0046s ]
SQL: SELECT * FROM `new_cate` WHERE `pid` = 0 ORDER BY id asc  [ RunTime:0.0050s ]
ERR: {"status":1,"msg":"\u6210\u529f","data":{"cate_list":[{"id":1,"pid":0,"name":"01-\u30101KV-3KV\u3011\u7535\u7f06\u7cfb\u5217\u6750\u6599","alias_name":"","one_id":0,"two_id":0,"level":1,"status":1,"is_del":1,"add_time":0,"up_time":0,"price":"94.7000","new_label_id":5},{"id":2,"pid":0,"name":"02-\u4e2d\u9ad8\u538b\u7535\u7f06\u677f\u5757\u6750\u6599","alias_name":"","one_id":0,"two_id":0,"level":1,"status":1,"is_del":1,"add_time":0,"up_time":0,"price":"0.0000","new_label_id":0},{"id":244,"pid":0,"name":"03-\u5bb6\u88c5\u5f31\u7535\u677f\u5757","alias_name":"","one_id":0,"two_id":0,"level":1,"status":1,"is_del":1,"add_time":0,"up_time":0,"price":"0.0000","new_label_id":0},{"id":309,"pid":0,"name":"04-\u63a7\u5236\u7535\u7f06\u7cfb\u5217\u6750\u6599","alias_name":"","one_id":0,"two_id":0,"level":1,"status":1,"is_del":1,"add_time":0,"up_time":0,"price":"0.0000","new_label_id":0},{"id":694,"pid":0,"name":"05-\u6a61\u80f6\u7c7b\u7535\u7f06\u6750\u6599","alias_name":"","one_id":0,"two_id":0,"level":1,"status":1,"is_del":1,"add_time":0,"up_time":0,"price":"0.0000","new_label_id":0},{"id":835,"pid":0,"name":"06-\u67b6\u7a7a\u7535\u7f06\u7cfb\u5217","alias_name":"","one_id":0,"two_id":0,"level":1,"status":1,"is_del":1,"add_time":0,"up_time":0,"price":"0.0000","new_label_id":0},{"id":900,"pid":0,"name":"07-\u901a\u4fe1\u7535\u7f06\u7cfb\u5217","alias_name":"","one_id":0,"two_id":0,"level":1,"status":1,"is_del":1,"add_time":0,"up_time":0,"price":"0.0000","new_label_id":0}]}}

[ 2026-05-29T10:58:58+08:00 ] ::1 /Home/NewCate/ajaxCate.html
INFO: [ app_init ] --START--
INFO: Run Behavior\BuildLiteBehavior [ RunTime:0.000003s ]
INFO: [ app_init ] --END-- [ RunTime:0.000025s ]
INFO: [ app_begin ] --START--
INFO: Run Behavior\ReadHtmlCacheBehavior [ RunTime:0.000009s ]
INFO: [ app_begin ] --END-- [ RunTime:0.000018s ]
SQL: SHOW COLUMNS FROM `new_cate` [ RunTime:0.0032s ]
SQL: SELECT * FROM `new_cate` WHERE `id` = 1 LIMIT 1   [ RunTime:0.0006s ]
SQL: SELECT * FROM `new_cate` WHERE `pid` = 1 ORDER BY id asc  [ RunTime:0.0013s ]
ERR: {"status":1,"msg":"\u6210\u529f","data":{"info":{"id":1,"pid":0,"name":"01-\u30101KV-3KV\u3011\u7535\u7f06\u7cfb\u5217\u6750\u6599","alias_name":"","one_id":0,"two_id":0,"level":1,"status":1,"is_del":1,"add_time":0,"up_time":0,"price":"94.7000","new_label_id":5},"cate_list_p":[{"id":355,"pid":1,"name":"\u4f4e\u538b\u7535\u7f06\u6750\u6599-1KV","alias_name":"","one_id":0,"two_id":0,"level":2,"status":1,"is_del":1,"add_time":0,"up_time":0,"price":"0.0000","new_label_id":0},{"id":376,"pid":1,"name":"\u9632\u706b\u7535\u7f06\u6750\u6599-1KV","alias_name":"","one_id":0,"two_id":0,"level":2,"status":1,"is_del":1,"add_time":0,"up_time":0,"price":"0.0000","new_label_id":0},{"id":393,"pid":1,"name":"\u53d8\u9891\u7535\u7f06\u6750\u6599-1KV","alias_name":"","one_id":0,"two_id":0,"level":2,"status":1,"is_del":1,"add_time":0,"up_time":0,"price":"0.0000","new_label_id":0},{"id":423,"pid":1,"name":"\u4f4e\u538b\u7535\u7f06\u6750\u6599-3KV","alias_name":"","one_id":0,"two_id":0,"level":2,"status":1,"is_del":1,"add_time":0,"up_time":0,"price":"0.0000","new_label_id":0},{"id":424,"pid":1,"name":"\u53d8\u9891\u7535\u7f06\u6750\u6599-3KV","alias_name":"","one_id":0,"two_id":0,"level":2,"status":1,"is_del":1,"add_time":0,"up_time":0,"price":"0.0000","new_label_id":0},{"id":837,"pid":1,"name":"\u67b6\u7a7a\u7535\u7f06\u6750\u6599\u5217\u8868","alias_name":"","one_id":0,"two_id":0,"level":2,"status":1,"is_del":1,"add_time":0,"up_time":0,"price":"0.0000","new_label_id":0}]}}

[ 2026-05-29T15:41:18+08:00 ] ::1 /Home/NewCate/index.html
INFO: [ app_init ] --START--
INFO: Run Behavior\BuildLiteBehavior [ RunTime:0.000006s ]
INFO: [ app_init ] --END-- [ RunTime:0.000635s ]
INFO: [ app_begin ] --START--
INFO: Run Behavior\ReadHtmlCacheBehavior [ RunTime:0.000032s ]
INFO: [ app_begin ] --END-- [ RunTime:0.000045s ]
SQL: SHOW COLUMNS FROM `new_cate` [ RunTime:0.0540s ]
INFO: [ view_parse ] --START--
INFO: [ template_filter ] --START--
INFO: Run Behavior\ContentReplaceBehavior [ RunTime:0.000094s ]
INFO: [ template_filter ] --END-- [ RunTime:0.000134s ]
NOTIC: [2] Undefined variable $cate_list /Users/gangliu/data/catdesk_workspace/yilan/App/Runtime/Cache/Home/fcc262934e70bc859d1317eb5ca6c5b3.php 第 182 行.
NOTIC: [2] Undefined variable $list /Users/gangliu/data/catdesk_workspace/yilan/App/Runtime/Cache/Home/fcc262934e70bc859d1317eb5ca6c5b3.php 第 326 行.
NOTIC: [2] Undefined variable $list /Users/gangliu/data/catdesk_workspace/yilan/App/Runtime/Cache/Home/fcc262934e70bc859d1317eb5ca6c5b3.php 第 350 行.
NOTIC: [2] Trying to access array offset on value of type null /Users/gangliu/data/catdesk_workspace/yilan/App/Runtime/Cache/Home/fcc262934e70bc859d1317eb5ca6c5b3.php 第 350 行.
INFO: Run Behavior\ParseTemplateBehavior [ RunTime:0.018782s ]
INFO: [ view_parse ] --END-- [ RunTime:0.018808s ]
INFO: [ view_filter ] --START--
INFO: Run Behavior\WriteHtmlCacheBehavior [ RunTime:0.000144s ]
INFO: [ view_filter ] --END-- [ RunTime:0.000155s ]
INFO: [ app_end ] --START--
INFO: Run Behavior\ShowPageTraceBehavior [ RunTime:0.000055s ]
INFO: [ app_end ] --END-- [ RunTime:0.000063s ]

[ 2026-05-29T15:41:18+08:00 ] ::1 /Home/NewCate/ajaxCateFirst.html
INFO: [ app_init ] --START--
INFO: Run Behavior\BuildLiteBehavior [ RunTime:0.000002s ]
INFO: [ app_init ] --END-- [ RunTime:0.000024s ]
INFO: [ app_begin ] --START--
INFO: Run Behavior\ReadHtmlCacheBehavior [ RunTime:0.000013s ]
INFO: [ app_begin ] --END-- [ RunTime:0.000024s ]
SQL: SHOW COLUMNS FROM `new_cate` [ RunTime:0.0117s ]
SQL: SELECT * FROM `new_cate` WHERE `pid` = 0 ORDER BY id asc  [ RunTime:0.0094s ]
ERR: {"status":1,"msg":"\u6210\u529f","data":{"cate_list":[{"id":1,"pid":0,"name":"01-\u30101KV-3KV\u3011\u7535\u7f06\u7cfb\u5217\u6750\u6599","alias_name":"","one_id":0,"two_id":0,"level":1,"status":1,"is_del":1,"add_time":0,"up_time":0,"price":"94.7000","new_label_id":5},{"id":2,"pid":0,"name":"02-\u4e2d\u9ad8\u538b\u7535\u7f06\u677f\u5757\u6750\u6599","alias_name":"","one_id":0,"two_id":0,"level":1,"status":1,"is_del":1,"add_time":0,"up_time":0,"price":"0.0000","new_label_id":0},{"id":244,"pid":0,"name":"03-\u5bb6\u88c5\u5f31\u7535\u677f\u5757","alias_name":"","one_id":0,"two_id":0,"level":1,"status":1,"is_del":1,"add_time":0,"up_time":0,"price":"0.0000","new_label_id":0},{"id":309,"pid":0,"name":"04-\u63a7\u5236\u7535\u7f06\u7cfb\u5217\u6750\u6599","alias_name":"","one_id":0,"two_id":0,"level":1,"status":1,"is_del":1,"add_time":0,"up_time":0,"price":"0.0000","new_label_id":0},{"id":694,"pid":0,"name":"05-\u6a61\u80f6\u7c7b\u7535\u7f06\u6750\u6599","alias_name":"","one_id":0,"two_id":0,"level":1,"status":1,"is_del":1,"add_time":0,"up_time":0,"price":"0.0000","new_label_id":0},{"id":835,"pid":0,"name":"06-\u67b6\u7a7a\u7535\u7f06\u7cfb\u5217","alias_name":"","one_id":0,"two_id":0,"level":1,"status":1,"is_del":1,"add_time":0,"up_time":0,"price":"0.0000","new_label_id":0},{"id":900,"pid":0,"name":"07-\u901a\u4fe1\u7535\u7f06\u7cfb\u5217","alias_name":"","one_id":0,"two_id":0,"level":1,"status":1,"is_del":1,"add_time":0,"up_time":0,"price":"0.0000","new_label_id":0}]}}

[ 2026-05-29T15:41:18+08:00 ] ::1 /Home/NewCate/ajaxCate.html
INFO: [ app_init ] --START--
INFO: Run Behavior\BuildLiteBehavior [ RunTime:0.000004s ]
INFO: [ app_init ] --END-- [ RunTime:0.000031s ]
INFO: [ app_begin ] --START--
INFO: Run Behavior\ReadHtmlCacheBehavior [ RunTime:0.000010s ]
INFO: [ app_begin ] --END-- [ RunTime:0.000017s ]
SQL: SHOW COLUMNS FROM `new_cate` [ RunTime:0.0074s ]
SQL: SELECT * FROM `new_cate` WHERE `id` = 1 LIMIT 1   [ RunTime:0.0058s ]
SQL: SELECT * FROM `new_cate` WHERE `pid` = 1 ORDER BY id asc  [ RunTime:0.0018s ]
ERR: {"status":1,"msg":"\u6210\u529f","data":{"info":{"id":1,"pid":0,"name":"01-\u30101KV-3KV\u3011\u7535\u7f06\u7cfb\u5217\u6750\u6599","alias_name":"","one_id":0,"two_id":0,"level":1,"status":1,"is_del":1,"add_time":0,"up_time":0,"price":"94.7000","new_label_id":5},"cate_list_p":[{"id":355,"pid":1,"name":"\u4f4e\u538b\u7535\u7f06\u6750\u6599-1KV","alias_name":"","one_id":0,"two_id":0,"level":2,"status":1,"is_del":1,"add_time":0,"up_time":0,"price":"0.0000","new_label_id":0},{"id":376,"pid":1,"name":"\u9632\u706b\u7535\u7f06\u6750\u6599-1KV","alias_name":"","one_id":0,"two_id":0,"level":2,"status":1,"is_del":1,"add_time":0,"up_time":0,"price":"0.0000","new_label_id":0},{"id":393,"pid":1,"name":"\u53d8\u9891\u7535\u7f06\u6750\u6599-1KV","alias_name":"","one_id":0,"two_id":0,"level":2,"status":1,"is_del":1,"add_time":0,"up_time":0,"price":"0.0000","new_label_id":0},{"id":423,"pid":1,"name":"\u4f4e\u538b\u7535\u7f06\u6750\u6599-3KV","alias_name":"","one_id":0,"two_id":0,"level":2,"status":1,"is_del":1,"add_time":0,"up_time":0,"price":"0.0000","new_label_id":0},{"id":424,"pid":1,"name":"\u53d8\u9891\u7535\u7f06\u6750\u6599-3KV","alias_name":"","one_id":0,"two_id":0,"level":2,"status":1,"is_del":1,"add_time":0,"up_time":0,"price":"0.0000","new_label_id":0},{"id":837,"pid":1,"name":"\u67b6\u7a7a\u7535\u7f06\u6750\u6599\u5217\u8868","alias_name":"","one_id":0,"two_id":0,"level":2,"status":1,"is_del":1,"add_time":0,"up_time":0,"price":"0.0000","new_label_id":0}]}}

