[ 2026-06-05T16:40:56+08:00 ] ::1 /Inter/PriceSync/syncAuto
INFO: [ app_init ] --START--
INFO: Run Behavior\BuildLiteBehavior [ RunTime:0.000003s ]
INFO: [ app_init ] --END-- [ RunTime:0.000028s ]
INFO: [ app_begin ] --START--
INFO: Run Behavior\ReadHtmlCacheBehavior [ RunTime:0.000023s ]
INFO: [ app_begin ] --END-- [ RunTime:0.000044s ]
SQL: SHOW COLUMNS FROM `users` [ RunTime:0.0687s ]
SQL: SHOW COLUMNS FROM `price_sync_config` [ RunTime:0.0069s ]
SQL: SELECT * FROM `price_sync_config` WHERE `auto_sync` = 1 AND `status` = 1  [ RunTime:0.0160s ]
SQL: SHOW COLUMNS FROM `new_label` [ RunTime:0.0111s ]
SQL: SELECT * FROM `new_label` WHERE `id` = 160 LIMIT 1   [ RunTime:0.0070s ]
SQL: UPDATE `new_label` SET `price`='105150.0000',`last_futures_price`='105150',`last_sync_ratio`='100.0000',`last_sync_time`='1780648855',`up_time`='1780648855' WHERE `id` = 160 [ RunTime:0.0339s ]
SQL: SELECT * FROM `new_label` WHERE ( FIND_IN_SET(160, pid_str) ) ORDER BY level asc, id asc  [ RunTime:0.0029s ]
SQL: SELECT * FROM `new_label` WHERE `id` = 160 LIMIT 1   [ RunTime:0.0013s ]
SQL: UPDATE `new_label` SET `price`='105.1500',`up_time`='1780648855' WHERE `id` = 195 [ RunTime:0.0037s ]
SQL: SELECT * FROM `new_label` WHERE `id` = 160 LIMIT 1   [ RunTime:0.0007s ]
SQL: SELECT * FROM `new_label` WHERE `id` = 163 LIMIT 1   [ RunTime:0.0005s ]
SQL: UPDATE `new_label` SET `price`='210.1500',`up_time`='1780648855' WHERE `id` = 196 [ RunTime:0.0053s ]
SQL: SELECT * FROM `new_label` WHERE `id` = 160 LIMIT 1   [ RunTime:0.0007s ]
SQL: UPDATE `new_label` SET `price`='105.1500',`up_time`='1780648855' WHERE `id` = 197 [ RunTime:0.0023s ]
SQL: SELECT * FROM `new_label` WHERE `id` = 160 LIMIT 1   [ RunTime:0.0007s ]
SQL: SELECT * FROM `new_label` WHERE `id` = 163 LIMIT 1   [ RunTime:0.0006s ]
SQL: UPDATE `new_label` SET `price`='210.1500',`up_time`='1780648855' WHERE `id` = 198 [ RunTime:0.0022s ]
SQL: SELECT * FROM `new_label` WHERE `id` = 160 LIMIT 1   [ RunTime:0.0007s ]
SQL: UPDATE `new_label` SET `price`='105150.0000',`up_time`='1780648855' WHERE `id` = 213 [ RunTime:0.0056s ]
SQL: SELECT * FROM `new_label` WHERE ( FIND_IN_SET(160, pid2_str) ) ORDER BY level2 asc, id asc  [ RunTime:0.0019s ]
SQL: SELECT * FROM `new_label` WHERE ( FIND_IN_SET(160, pid3_str) ) ORDER BY level3 asc, id asc  [ RunTime:0.0012s ]
SQL: SELECT * FROM `new_label` WHERE `id` = 160 LIMIT 1   [ RunTime:0.0009s ]
SQL: SHOW COLUMNS FROM `task` [ RunTime:0.0087s ]
SQL: UPDATE `task` SET `status`='4' WHERE `type` = 1 AND `item_id` = 160 AND ( status=1 OR status=2 ) [ RunTime:0.0072s ]
SQL: INSERT INTO `task` (`type`,`item_id`,`title`,`status`,`add_time`,`up_time`) VALUES ('1','160','期货同步更新沪铜','1','1780648855','1780648855') [ RunTime:0.0059s ]
SQL: SELECT * FROM `new_label` WHERE `id` = 160 LIMIT 1   [ RunTime:0.0006s ]
SQL: SHOW COLUMNS FROM `new_cate` [ RunTime:0.0040s ]
SQL: SELECT * FROM `new_cate` WHERE `new_label_id` = 160  [ RunTime:0.0018s ]
SQL: UPDATE `new_cate` SET `price`='105150.0000' WHERE `new_label_id` = 160 [ RunTime:0.0004s ]
SQL: SHOW COLUMNS FROM `new_cate_form` [ RunTime:0.0024s ]
DEBUG: 22222222222
DEBUG: 160
DEBUG: 
SQL: SHOW COLUMNS FROM `task_log` [ RunTime:0.0032s ]
SQL: SELECT * FROM `new_label` WHERE `id` = 195 LIMIT 1   [ RunTime:0.0006s ]
SQL: SELECT * FROM `new_cate` WHERE `new_label_id` = 195  [ RunTime:0.0009s ]
SQL: UPDATE `new_cate` SET `price`='105.1500' WHERE `new_label_id` = 195 [ RunTime:0.0005s ]
DEBUG: 22222222222
DEBUG: 195
DEBUG: 
SQL: SELECT * FROM `new_label` WHERE `id` = 196 LIMIT 1   [ RunTime:0.0005s ]
SQL: SELECT * FROM `new_cate` WHERE `new_label_id` = 196  [ RunTime:0.0005s ]
SQL: UPDATE `new_cate` SET `price`='210.1500' WHERE `new_label_id` = 196 [ RunTime:0.0004s ]
DEBUG: 22222222222
DEBUG: 196
DEBUG: 
SQL: SELECT * FROM `new_label` WHERE `id` = 197 LIMIT 1   [ RunTime:0.0004s ]
SQL: SELECT * FROM `new_cate` WHERE `new_label_id` = 197  [ RunTime:0.0004s ]
SQL: UPDATE `new_cate` SET `price`='105.1500' WHERE `new_label_id` = 197 [ RunTime:0.0003s ]
DEBUG: 22222222222
DEBUG: 197
DEBUG: 
SQL: SELECT * FROM `new_label` WHERE `id` = 198 LIMIT 1   [ RunTime:0.0003s ]
SQL: SELECT * FROM `new_cate` WHERE `new_label_id` = 198  [ RunTime:0.0003s ]
SQL: UPDATE `new_cate` SET `price`='210.1500' WHERE `new_label_id` = 198 [ RunTime:0.0003s ]
DEBUG: 22222222222
DEBUG: 198
DEBUG: 
SQL: SELECT * FROM `new_label` WHERE `id` = 213 LIMIT 1   [ RunTime:0.0003s ]
SQL: SELECT * FROM `new_cate` WHERE `new_label_id` = 213  [ RunTime:0.0004s ]
SQL: UPDATE `new_cate` SET `price`='105150.0000' WHERE `new_label_id` = 213 [ RunTime:0.0003s ]
DEBUG: 22222222222
DEBUG: 213
DEBUG: 
SQL: SHOW COLUMNS FROM `price_sync_log` [ RunTime:0.0036s ]
SQL: INSERT INTO `price_sync_log` (`config_id`,`futures_code`,`futures_name`,`new_label_id`,`label_name`,`futures_price`,`old_price`,`new_price`,`sync_type`,`status`,`add_time`) VALUES ('1','cum','沪铜主连','160','沪铜','105150','0.0000','105150.0000','2','1','1780648855') [ RunTime:0.2117s ]
SQL: SELECT * FROM `new_label` WHERE `id` = 162 LIMIT 1   [ RunTime:0.0023s ]
SQL: UPDATE `new_label` SET `price`='1384.9000',`last_futures_price`='138490',`last_sync_ratio`='1.0000',`last_sync_time`='1780648856',`up_time`='1780648856' WHERE `id` = 162 [ RunTime:0.0019s ]
SQL: SELECT * FROM `new_label` WHERE ( FIND_IN_SET(162, pid_str) ) ORDER BY level asc, id asc  [ RunTime:0.0020s ]
SQL: SELECT * FROM `new_label` WHERE ( FIND_IN_SET(162, pid2_str) ) ORDER BY level2 asc, id asc  [ RunTime:0.0014s ]
SQL: SELECT * FROM `new_label` WHERE ( FIND_IN_SET(162, pid3_str) ) ORDER BY level3 asc, id asc  [ RunTime:0.0013s ]
SQL: SELECT * FROM `new_label` WHERE `id` = 162 LIMIT 1   [ RunTime:0.0015s ]
SQL: UPDATE `task` SET `status`='4' WHERE `type` = 1 AND `item_id` = 162 AND ( status=1 OR status=2 ) [ RunTime:0.0063s ]
SQL: INSERT INTO `task` (`type`,`item_id`,`title`,`status`,`add_time`,`up_time`) VALUES ('1','162','期货同步更新沪镍','1','1780648856','1780648856') [ RunTime:0.0245s ]
SQL: SELECT * FROM `new_label` WHERE `id` = 162 LIMIT 1   [ RunTime:0.0011s ]
SQL: SELECT * FROM `new_cate` WHERE `new_label_id` = 162  [ RunTime:0.0010s ]
SQL: UPDATE `new_cate` SET `price`='1384.9000' WHERE `new_label_id` = 162 [ RunTime:0.0016s ]
DEBUG: 22222222222
DEBUG: 162
DEBUG: 
SQL: INSERT INTO `price_sync_log` (`config_id`,`futures_code`,`futures_name`,`new_label_id`,`label_name`,`futures_price`,`old_price`,`new_price`,`sync_type`,`status`,`add_time`) VALUES ('2','nim','沪镍主连','162','沪镍','138490','0.0000','1384.9000','2','1','1780648856') [ RunTime:0.0297s ]
SQL: SELECT * FROM `new_label` WHERE `id` = 166 LIMIT 1   [ RunTime:0.0008s ]
SQL: UPDATE `new_label` SET `price`='17528.0000',`last_futures_price`='17528',`last_sync_ratio`='100.0000',`last_sync_time`='1780648856',`up_time`='1780648856' WHERE `id` = 166 [ RunTime:0.0014s ]
SQL: SELECT * FROM `new_label` WHERE ( FIND_IN_SET(166, pid_str) ) ORDER BY level asc, id asc  [ RunTime:0.0013s ]
SQL: SELECT * FROM `new_label` WHERE ( FIND_IN_SET(166, pid2_str) ) ORDER BY level2 asc, id asc  [ RunTime:0.0015s ]
SQL: SELECT * FROM `new_label` WHERE ( FIND_IN_SET(166, pid3_str) ) ORDER BY level3 asc, id asc  [ RunTime:0.0009s ]
SQL: SELECT * FROM `new_label` WHERE `id` = 166 LIMIT 1   [ RunTime:0.0004s ]
SQL: UPDATE `task` SET `status`='4' WHERE `type` = 1 AND `item_id` = 166 AND ( status=1 OR status=2 ) [ RunTime:0.0224s ]
SQL: INSERT INTO `task` (`type`,`item_id`,`title`,`status`,`add_time`,`up_time`) VALUES ('1','166','期货同步更新沪银','1','1780648856','1780648856') [ RunTime:0.0588s ]
SQL: SELECT * FROM `new_label` WHERE `id` = 166 LIMIT 1   [ RunTime:0.0033s ]
SQL: SELECT * FROM `new_cate` WHERE `new_label_id` = 166  [ RunTime:0.0014s ]
SQL: UPDATE `new_cate` SET `price`='17528.0000' WHERE `new_label_id` = 166 [ RunTime:0.0008s ]
DEBUG: 22222222222
DEBUG: 166
DEBUG: 
SQL: INSERT INTO `price_sync_log` (`config_id`,`futures_code`,`futures_name`,`new_label_id`,`label_name`,`futures_price`,`old_price`,`new_price`,`sync_type`,`status`,`add_time`) VALUES ('6','agm','沪银主连','166','沪银','17528','0.0000','17528.0000','2','1','1780648856') [ RunTime:0.0354s ]
SQL: SELECT * FROM `new_label` WHERE `id` = 191 LIMIT 1   [ RunTime:0.0020s ]
SQL: UPDATE `new_label` SET `price`='795.5000',`last_futures_price`='795.5',`last_sync_ratio`='100.0000',`last_sync_time`='1780648856',`up_time`='1780648856' WHERE `id` = 191 [ RunTime:0.0082s ]
SQL: SELECT * FROM `new_label` WHERE ( FIND_IN_SET(191, pid_str) ) ORDER BY level asc, id asc  [ RunTime:0.0015s ]
SQL: SELECT * FROM `new_label` WHERE ( FIND_IN_SET(191, pid2_str) ) ORDER BY level2 asc, id asc  [ RunTime:0.0018s ]
SQL: SELECT * FROM `new_label` WHERE ( FIND_IN_SET(191, pid3_str) ) ORDER BY level3 asc, id asc  [ RunTime:0.0017s ]
SQL: SELECT * FROM `new_label` WHERE `id` = 191 LIMIT 1   [ RunTime:0.0007s ]
SQL: UPDATE `task` SET `status`='4' WHERE `type` = 1 AND `item_id` = 191 AND ( status=1 OR status=2 ) [ RunTime:0.0019s ]
SQL: INSERT INTO `task` (`type`,`item_id`,`title`,`status`,`add_time`,`up_time`) VALUES ('1','191','期货同步更新备用3','1','1780648856','1780648856') [ RunTime:0.0046s ]
SQL: SELECT * FROM `new_label` WHERE `id` = 191 LIMIT 1   [ RunTime:0.0009s ]
SQL: SELECT * FROM `new_cate` WHERE `new_label_id` = 191  [ RunTime:0.0007s ]
SQL: UPDATE `new_cate` SET `price`='795.5000' WHERE `new_label_id` = 191 [ RunTime:0.0004s ]
DEBUG: 22222222222
DEBUG: 191
DEBUG: 
SQL: INSERT INTO `price_sync_log` (`config_id`,`futures_code`,`futures_name`,`new_label_id`,`label_name`,`futures_price`,`old_price`,`new_price`,`sync_type`,`status`,`add_time`) VALUES ('7','lgm','原木主连','191','备用3','795.5','788.0000','795.5000','2','1','1780648856') [ RunTime:0.0049s ]
ERR: {"status":1,"msg":"\u5b9a\u65f6\u540c\u6b65\u5b8c\u6210\uff1a\u6210\u529f 4 \u6761\uff0c\u5931\u8d25 0 \u6761","data":{"success":4,"fail":0}}

