[ 2026-06-17T07:52:42+08:00 ] ::1 /Public/uploads/banner/%7B%7Bblank.source[0]%7D%7D
INFO: [ app_init ] --START--
INFO: Run Behavior\BuildLiteBehavior [ RunTime:0.000007s ]
INFO: [ app_init ] --END-- [ RunTime:0.000081s ]
ERR: 无法加载模块:Public

[ 2026-06-17T07:52:42+08:00 ] ::1 /Public/uploads/banner/%7B%7Bx%7D%7D
INFO: [ app_init ] --START--
INFO: Run Behavior\BuildLiteBehavior [ RunTime:0.000003s ]
INFO: [ app_init ] --END-- [ RunTime:0.000026s ]
ERR: 无法加载模块:Public

[ 2026-06-17T07:52:43+08:00 ] ::1 /Public/uploads/banner/%7B%7Bblank.source[0]%7D%7D
INFO: [ app_init ] --START--
INFO: Run Behavior\BuildLiteBehavior [ RunTime:0.000008s ]
INFO: [ app_init ] --END-- [ RunTime:0.000072s ]
ERR: 无法加载模块:Public

[ 2026-06-17T07:52:43+08:00 ] ::1 /Public/uploads/banner/%7B%7Bx%7D%7D
INFO: [ app_init ] --START--
INFO: Run Behavior\BuildLiteBehavior [ RunTime:0.000005s ]
INFO: [ app_init ] --END-- [ RunTime:0.000041s ]
ERR: 无法加载模块:Public

[ 2026-06-17T08:08:35+08:00 ] ::1 /Public/uploads/banner/%7B%7Bblank.source[0]%7D%7D
INFO: [ app_init ] --START--
INFO: Run Behavior\BuildLiteBehavior [ RunTime:0.000007s ]
INFO: [ app_init ] --END-- [ RunTime:0.000103s ]
ERR: 无法加载模块:Public

[ 2026-06-17T08:08:35+08:00 ] ::1 /Public/uploads/banner/%7B%7Bx%7D%7D
INFO: [ app_init ] --START--
INFO: Run Behavior\BuildLiteBehavior [ RunTime:0.000004s ]
INFO: [ app_init ] --END-- [ RunTime:0.000077s ]
ERR: 无法加载模块:Public

[ 2026-06-17T08:30:01+08:00 ] ::1 /Public/uploads/banner/%7B%7Bblank.source[0]%7D%7D
INFO: [ app_init ] --START--
INFO: Run Behavior\BuildLiteBehavior [ RunTime:0.000004s ]
INFO: [ app_init ] --END-- [ RunTime:0.000028s ]
ERR: 无法加载模块:Public

[ 2026-06-17T08:30:01+08:00 ] ::1 /Public/uploads/banner/%7B%7Bx%7D%7D
INFO: [ app_init ] --START--
INFO: Run Behavior\BuildLiteBehavior [ RunTime:0.000002s ]
INFO: [ app_init ] --END-- [ RunTime:0.000022s ]
ERR: 无法加载模块:Public

[ 2026-06-17T08:34:49+08:00 ] ::1 /Public/uploads/banner/%7B%7Bblank.source[0]%7D%7D
INFO: [ app_init ] --START--
INFO: Run Behavior\BuildLiteBehavior [ RunTime:0.000003s ]
INFO: [ app_init ] --END-- [ RunTime:0.000026s ]
ERR: 无法加载模块:Public

[ 2026-06-17T08:34:49+08:00 ] ::1 /Public/uploads/banner/%7B%7Bx%7D%7D
INFO: [ app_init ] --START--
INFO: Run Behavior\BuildLiteBehavior [ RunTime:0.000002s ]
INFO: [ app_init ] --END-- [ RunTime:0.000044s ]
ERR: 无法加载模块:Public

[ 2026-06-17T08:42:09+08:00 ] ::1 /Public/uploads/banner/%7B%7Bblank.source[0]%7D%7D
INFO: [ app_init ] --START--
INFO: Run Behavior\BuildLiteBehavior [ RunTime:0.000005s ]
INFO: [ app_init ] --END-- [ RunTime:0.000035s ]
ERR: 无法加载模块:Public

[ 2026-06-17T08:42:09+08:00 ] ::1 /Public/uploads/banner/%7B%7Bx%7D%7D
INFO: [ app_init ] --START--
INFO: Run Behavior\BuildLiteBehavior [ RunTime:0.000003s ]
INFO: [ app_init ] --END-- [ RunTime:0.000021s ]
ERR: 无法加载模块:Public

[ 2026-06-17T08:42:10+08:00 ] ::1 /Public/uploads/banner/%7B%7Bblank.source[0]%7D%7D
INFO: [ app_init ] --START--
INFO: Run Behavior\BuildLiteBehavior [ RunTime:0.000004s ]
INFO: [ app_init ] --END-- [ RunTime:0.000089s ]
ERR: 无法加载模块:Public

[ 2026-06-17T08:42:10+08:00 ] ::1 /Public/uploads/banner/%7B%7Bx%7D%7D
INFO: [ app_init ] --START--
INFO: Run Behavior\BuildLiteBehavior [ RunTime:0.000003s ]
INFO: [ app_init ] --END-- [ RunTime:0.000019s ]
ERR: 无法加载模块:Public

[ 2026-06-17T08:42:54+08:00 ] ::1 /Public/uploads/banner/677187340b61b.png
INFO: [ app_init ] --START--
INFO: Run Behavior\BuildLiteBehavior [ RunTime:0.000005s ]
INFO: [ app_init ] --END-- [ RunTime:0.000050s ]
ERR: 无法加载模块:Public

[ 2026-06-17T08:55:10+08:00 ] ::1 /Public/uploads/banner/677187340b61b.png
INFO: [ app_init ] --START--
INFO: Run Behavior\BuildLiteBehavior [ RunTime:0.000005s ]
INFO: [ app_init ] --END-- [ RunTime:0.000044s ]
ERR: 无法加载模块:Public

[ 2026-06-17T08:55:15+08:00 ] ::1 /Public/uploads/banner/677187340b61b.png
INFO: [ app_init ] --START--
INFO: Run Behavior\BuildLiteBehavior [ RunTime:0.000006s ]
INFO: [ app_init ] --END-- [ RunTime:0.000049s ]
ERR: 无法加载模块:Public

[ 2026-06-17T08:55:22+08:00 ] ::1 /Public/uploads/banner/677187340b61b.png
INFO: [ app_init ] --START--
INFO: Run Behavior\BuildLiteBehavior [ RunTime:0.000012s ]
INFO: [ app_init ] --END-- [ RunTime:0.000091s ]
ERR: 无法加载模块:Public

[ 2026-06-17T15:14:22+08:00 ] ::1 /Public/uploads/banner/%7B%7Bblank.source[0]%7D%7D
INFO: [ app_init ] --START--
INFO: Run Behavior\BuildLiteBehavior [ RunTime:0.000007s ]
INFO: [ app_init ] --END-- [ RunTime:0.000093s ]
ERR: 无法加载模块:Public

[ 2026-06-17T15:14:22+08:00 ] ::1 /Public/uploads/banner/%7B%7Bx%7D%7D
INFO: [ app_init ] --START--
INFO: Run Behavior\BuildLiteBehavior [ RunTime:0.000004s ]
INFO: [ app_init ] --END-- [ RunTime:0.000036s ]
ERR: 无法加载模块:Public

[ 2026-06-17T15:46:45+08:00 ] ::1 /Public/uploads/banner/%7B%7Bblank.source[0]%7D%7D
INFO: [ app_init ] --START--
INFO: Run Behavior\BuildLiteBehavior [ RunTime:0.000004s ]
INFO: [ app_init ] --END-- [ RunTime:0.000043s ]
ERR: 无法加载模块:Public

[ 2026-06-17T15:46:45+08:00 ] ::1 /Public/uploads/banner/%7B%7Bx%7D%7D
INFO: [ app_init ] --START--
INFO: Run Behavior\BuildLiteBehavior [ RunTime:0.000008s ]
INFO: [ app_init ] --END-- [ RunTime:0.000068s ]
ERR: 无法加载模块:Public

[ 2026-06-17T15:46:47+08:00 ] ::1 /Public/uploads/banner/%7B%7Bblank.source[0]%7D%7D
INFO: [ app_init ] --START--
INFO: Run Behavior\BuildLiteBehavior [ RunTime:0.000004s ]
INFO: [ app_init ] --END-- [ RunTime:0.000034s ]
ERR: 无法加载模块:Public

[ 2026-06-17T15:46:47+08:00 ] ::1 /Public/uploads/banner/%7B%7Bx%7D%7D
INFO: [ app_init ] --START--
INFO: Run Behavior\BuildLiteBehavior [ RunTime:0.000005s ]
INFO: [ app_init ] --END-- [ RunTime:0.000040s ]
ERR: 无法加载模块:Public

[ 2026-06-17T15:52:09+08:00 ] ::1 /Public/uploads/banner/677187340b61b.png
INFO: [ app_init ] --START--
INFO: Run Behavior\BuildLiteBehavior [ RunTime:0.000005s ]
INFO: [ app_init ] --END-- [ RunTime:0.000042s ]
ERR: 无法加载模块:Public

[ 2026-06-17T15:52:17+08:00 ] ::1 /Public/uploads/banner/%7B%7Bblank.source[0]%7D%7D
INFO: [ app_init ] --START--
INFO: Run Behavior\BuildLiteBehavior [ RunTime:0.000003s ]
INFO: [ app_init ] --END-- [ RunTime:0.000106s ]
ERR: 无法加载模块:Public

[ 2026-06-17T15:52:17+08:00 ] ::1 /Public/uploads/banner/%7B%7Bx%7D%7D
INFO: [ app_init ] --START--
INFO: Run Behavior\BuildLiteBehavior [ RunTime:0.000002s ]
INFO: [ app_init ] --END-- [ RunTime:0.000020s ]
ERR: 无法加载模块:Public

[ 2026-06-17T15:52:22+08:00 ] ::1 /Public/uploads/banner/677187340b61b.png
INFO: [ app_init ] --START--
INFO: Run Behavior\BuildLiteBehavior [ RunTime:0.000013s ]
INFO: [ app_init ] --END-- [ RunTime:0.000056s ]
ERR: 无法加载模块:Public

[ 2026-06-17T15:52:27+08:00 ] ::1 /Public/uploads/banner/677187340b61b.png
INFO: [ app_init ] --START--
INFO: Run Behavior\BuildLiteBehavior [ RunTime:0.000010s ]
INFO: [ app_init ] --END-- [ RunTime:0.000084s ]
ERR: 无法加载模块:Public

[ 2026-06-17T16:47:43+08:00 ] ::1 /Public/uploads/banner/%7B%7Bblank.source[0]%7D%7D
INFO: [ app_init ] --START--
INFO: Run Behavior\BuildLiteBehavior [ RunTime:0.000004s ]
INFO: [ app_init ] --END-- [ RunTime:0.000038s ]
ERR: 无法加载模块:Public

[ 2026-06-17T16:47:43+08:00 ] ::1 /Public/uploads/banner/%7B%7Bx%7D%7D
INFO: [ app_init ] --START--
INFO: Run Behavior\BuildLiteBehavior [ RunTime:0.000002s ]
INFO: [ app_init ] --END-- [ RunTime:0.000018s ]
ERR: 无法加载模块:Public

[ 2026-06-17T16:48:40+08:00 ] ::1 /Public/uploads/banner/%7B%7Bblank.source[0]%7D%7D
INFO: [ app_init ] --START--
INFO: Run Behavior\BuildLiteBehavior [ RunTime:0.000002s ]
INFO: [ app_init ] --END-- [ RunTime:0.000022s ]
ERR: 无法加载模块:Public

[ 2026-06-17T16:48:40+08:00 ] ::1 /Public/uploads/banner/%7B%7Bx%7D%7D
INFO: [ app_init ] --START--
INFO: Run Behavior\BuildLiteBehavior [ RunTime:0.000004s ]
INFO: [ app_init ] --END-- [ RunTime:0.000033s ]
ERR: 无法加载模块:Public

[ 2026-06-17T16:51:20+08:00 ] ::1 /Public/uploads/banner/%7B%7Bblank.source[0]%7D%7D
INFO: [ app_init ] --START--
INFO: Run Behavior\BuildLiteBehavior [ RunTime:0.000006s ]
INFO: [ app_init ] --END-- [ RunTime:0.000054s ]
ERR: 无法加载模块:Public

[ 2026-06-17T16:51:20+08:00 ] ::1 /Public/uploads/banner/%7B%7Bx%7D%7D
INFO: [ app_init ] --START--
INFO: Run Behavior\BuildLiteBehavior [ RunTime:0.000003s ]
INFO: [ app_init ] --END-- [ RunTime:0.000024s ]
ERR: 无法加载模块:Public

[ 2026-06-17T17:36:38+08:00 ] ::1 /Public/uploads/banner/%7B%7Bblank.source[0]%7D%7D
INFO: [ app_init ] --START--
INFO: Run Behavior\BuildLiteBehavior [ RunTime:0.000003s ]
INFO: [ app_init ] --END-- [ RunTime:0.000029s ]
ERR: 无法加载模块:Public

[ 2026-06-17T17:36:38+08:00 ] ::1 /Public/uploads/banner/%7B%7Bx%7D%7D
INFO: [ app_init ] --START--
INFO: Run Behavior\BuildLiteBehavior [ RunTime:0.000004s ]
INFO: [ app_init ] --END-- [ RunTime:0.000035s ]
ERR: 无法加载模块:Public

[ 2026-06-17T17:48:12+08:00 ] ::1 /Public/uploads/banner/%7B%7Bblank.source[0]%7D%7D
INFO: [ app_init ] --START--
INFO: Run Behavior\BuildLiteBehavior [ RunTime:0.000003s ]
INFO: [ app_init ] --END-- [ RunTime:0.000029s ]
ERR: 无法加载模块:Public

[ 2026-06-17T17:48:12+08:00 ] ::1 /Public/uploads/banner/%7B%7Bx%7D%7D
INFO: [ app_init ] --START--
INFO: Run Behavior\BuildLiteBehavior [ RunTime:0.000005s ]
INFO: [ app_init ] --END-- [ RunTime:0.000049s ]
ERR: 无法加载模块:Public

[ 2026-06-17T18:00:01+08:00 ] ::1 /Public/uploads/banner/%7B%7Bblank.source[0]%7D%7D
INFO: [ app_init ] --START--
INFO: Run Behavior\BuildLiteBehavior [ RunTime:0.000003s ]
INFO: [ app_init ] --END-- [ RunTime:0.000023s ]
ERR: 无法加载模块:Public

[ 2026-06-17T18:00:01+08:00 ] ::1 /Public/uploads/banner/%7B%7Bx%7D%7D
INFO: [ app_init ] --START--
INFO: Run Behavior\BuildLiteBehavior [ RunTime:0.000002s ]
INFO: [ app_init ] --END-- [ RunTime:0.000016s ]
ERR: 无法加载模块:Public

[ 2026-06-17T18:02:45+08:00 ] ::1 /Public/uploads/banner/%7B%7Bblank.source[0]%7D%7D
INFO: [ app_init ] --START--
INFO: Run Behavior\BuildLiteBehavior [ RunTime:0.000003s ]
INFO: [ app_init ] --END-- [ RunTime:0.000043s ]
ERR: 无法加载模块:Public

[ 2026-06-17T18:02:45+08:00 ] ::1 /Public/uploads/banner/%7B%7Bx%7D%7D
INFO: [ app_init ] --START--
INFO: Run Behavior\BuildLiteBehavior [ RunTime:0.000005s ]
INFO: [ app_init ] --END-- [ RunTime:0.000095s ]
ERR: 无法加载模块:Public

