[ 2026-06-10T19:48:58+08:00 ] ::1 /Public/uploads/banner/%7B%7Bblank.source[0]%7D%7D
INFO: [ app_init ] --START--
INFO: Run Behavior\BuildLiteBehavior [ RunTime:0.000006s ]
INFO: [ app_init ] --END-- [ RunTime:0.000052s ]
ERR: 无法加载模块:Public

[ 2026-06-10T19:48:58+08:00 ] ::1 /Public/uploads/goods/%7B%7Bblank.gimage%7D%7D
INFO: [ app_init ] --START--
INFO: Run Behavior\BuildLiteBehavior [ RunTime:0.000003s ]
INFO: [ app_init ] --END-- [ RunTime:0.000029s ]
ERR: 无法加载模块:Public

[ 2026-06-10T19:48:58+08:00 ] ::1 /Public/uploads/banner/%7B%7Bx%7D%7D
INFO: [ app_init ] --START--
INFO: Run Behavior\BuildLiteBehavior [ RunTime:0.000010s ]
INFO: [ app_init ] --END-- [ RunTime:0.000077s ]
ERR: 无法加载模块:Public

[ 2026-06-10T19:48:58+08:00 ] ::1 /Public/uploads/banner/677186e6c648d.png
INFO: [ app_init ] --START--
INFO: Run Behavior\BuildLiteBehavior [ RunTime:0.000009s ]
INFO: [ app_init ] --END-- [ RunTime:0.000086s ]
ERR: 无法加载模块:Public

[ 2026-06-10T19:48:58+08:00 ] ::1 /Public/uploads/goods/677186e6c624e.png
INFO: [ app_init ] --START--
INFO: Run Behavior\BuildLiteBehavior [ RunTime:0.000006s ]
INFO: [ app_init ] --END-- [ RunTime:0.000049s ]
ERR: 无法加载模块:Public

[ 2026-06-10T20:06:21+08:00 ] ::1 /Public/uploads/banner/%7B%7Bblank.source[0]%7D%7D
INFO: [ app_init ] --START--
INFO: Run Behavior\BuildLiteBehavior [ RunTime:0.000005s ]
INFO: [ app_init ] --END-- [ RunTime:0.000047s ]
ERR: 无法加载模块:Public

[ 2026-06-10T20:06:21+08:00 ] ::1 /Public/uploads/goods/%7B%7Bblank.gimage%7D%7D
INFO: [ app_init ] --START--
INFO: Run Behavior\BuildLiteBehavior [ RunTime:0.000003s ]
INFO: [ app_init ] --END-- [ RunTime:0.000025s ]
ERR: 无法加载模块:Public

[ 2026-06-10T20:06:21+08:00 ] ::1 /Public/uploads/banner/%7B%7Bx%7D%7D
INFO: [ app_init ] --START--
INFO: Run Behavior\BuildLiteBehavior [ RunTime:0.000002s ]
INFO: [ app_init ] --END-- [ RunTime:0.000015s ]
ERR: 无法加载模块:Public

[ 2026-06-10T20:06:21+08:00 ] ::1 /Public/uploads/banner/677186e6c648d.png
INFO: [ app_init ] --START--
INFO: Run Behavior\BuildLiteBehavior [ RunTime:0.000004s ]
INFO: [ app_init ] --END-- [ RunTime:0.000034s ]
ERR: 无法加载模块:Public

[ 2026-06-10T20:06:21+08:00 ] ::1 /Public/uploads/goods/677186e6c624e.png
INFO: [ app_init ] --START--
INFO: Run Behavior\BuildLiteBehavior [ RunTime:0.000004s ]
INFO: [ app_init ] --END-- [ RunTime:0.000036s ]
ERR: 无法加载模块:Public

[ 2026-06-10T20:06:45+08:00 ] ::1 /Public/uploads/banner/677187340b61b.png
INFO: [ app_init ] --START--
INFO: Run Behavior\BuildLiteBehavior [ RunTime:0.000004s ]
INFO: [ app_init ] --END-- [ RunTime:0.000032s ]
ERR: 无法加载模块:Public

[ 2026-06-10T20:06:45+08:00 ] ::1 /Public/uploads/goods/677187340b3d7.png
INFO: [ app_init ] --START--
INFO: Run Behavior\BuildLiteBehavior [ RunTime:0.000004s ]
INFO: [ app_init ] --END-- [ RunTime:0.000034s ]
ERR: 无法加载模块:Public

[ 2026-06-10T20:07:34+08:00 ] ::1 /Public/uploads/banner/677186e6c648d.png
INFO: [ app_init ] --START--
INFO: Run Behavior\BuildLiteBehavior [ RunTime:0.000003s ]
INFO: [ app_init ] --END-- [ RunTime:0.000033s ]
ERR: 无法加载模块:Public

[ 2026-06-10T20:07:34+08:00 ] ::1 /Public/uploads/goods/677186e6c624e.png
INFO: [ app_init ] --START--
INFO: Run Behavior\BuildLiteBehavior [ RunTime:0.000004s ]
INFO: [ app_init ] --END-- [ RunTime:0.000033s ]
ERR: 无法加载模块:Public

[ 2026-06-10T20:07:45+08:00 ] ::1 /Public/uploads/banner/677187340b61b.png
INFO: [ app_init ] --START--
INFO: Run Behavior\BuildLiteBehavior [ RunTime:0.000004s ]
INFO: [ app_init ] --END-- [ RunTime:0.000034s ]
ERR: 无法加载模块:Public

[ 2026-06-10T20:07:45+08:00 ] ::1 /Public/uploads/goods/677187340b3d7.png
INFO: [ app_init ] --START--
INFO: Run Behavior\BuildLiteBehavior [ RunTime:0.000004s ]
INFO: [ app_init ] --END-- [ RunTime:0.000036s ]
ERR: 无法加载模块:Public

[ 2026-06-10T20:07:46+08:00 ] ::1 /Public/uploads/banner/677190a61872f.png
INFO: [ app_init ] --START--
INFO: Run Behavior\BuildLiteBehavior [ RunTime:0.000003s ]
INFO: [ app_init ] --END-- [ RunTime:0.000025s ]
ERR: 无法加载模块:Public

[ 2026-06-10T20:07:46+08:00 ] ::1 /Public/uploads/goods/677190a6184e4.png
INFO: [ app_init ] --START--
INFO: Run Behavior\BuildLiteBehavior [ RunTime:0.000005s ]
INFO: [ app_init ] --END-- [ RunTime:0.000041s ]
ERR: 无法加载模块:Public

[ 2026-06-10T20:07:48+08:00 ] ::1 /Public/uploads/banner/677187340b61b.png
INFO: [ app_init ] --START--
INFO: Run Behavior\BuildLiteBehavior [ RunTime:0.000004s ]
INFO: [ app_init ] --END-- [ RunTime:0.000036s ]
ERR: 无法加载模块:Public

[ 2026-06-10T20:07:48+08:00 ] ::1 /Public/uploads/goods/677187340b3d7.png
INFO: [ app_init ] --START--
INFO: Run Behavior\BuildLiteBehavior [ RunTime:0.000005s ]
INFO: [ app_init ] --END-- [ RunTime:0.000035s ]
ERR: 无法加载模块:Public

[ 2026-06-10T20:15:48+08:00 ] ::1 /Public/uploads/banner/677187340b61b.png
INFO: [ app_init ] --START--
INFO: Run Behavior\BuildLiteBehavior [ RunTime:0.000018s ]
INFO: [ app_init ] --END-- [ RunTime:0.000183s ]
ERR: 无法加载模块:Public

[ 2026-06-10T20:16:06+08:00 ] ::1 /Public/uploads/banner/%7B%7Bblank.source[0]%7D%7D
INFO: [ app_init ] --START--
INFO: Run Behavior\BuildLiteBehavior [ RunTime:0.000011s ]
INFO: [ app_init ] --END-- [ RunTime:0.000140s ]
ERR: 无法加载模块:Public

[ 2026-06-10T20:16:06+08:00 ] ::1 /Public/uploads/goods/%7B%7Bblank.gimage%7D%7D
INFO: [ app_init ] --START--
INFO: Run Behavior\BuildLiteBehavior [ RunTime:0.000003s ]
INFO: [ app_init ] --END-- [ RunTime:0.000021s ]
ERR: 无法加载模块:Public

[ 2026-06-10T20:16:06+08:00 ] ::1 /Public/uploads/banner/%7B%7Bx%7D%7D
INFO: [ app_init ] --START--
INFO: Run Behavior\BuildLiteBehavior [ RunTime:0.000002s ]
INFO: [ app_init ] --END-- [ RunTime:0.000013s ]
ERR: 无法加载模块:Public

[ 2026-06-10T20:16:07+08:00 ] ::1 /Public/uploads/banner/677186e6c648d.png
INFO: [ app_init ] --START--
INFO: Run Behavior\BuildLiteBehavior [ RunTime:0.000005s ]
INFO: [ app_init ] --END-- [ RunTime:0.000045s ]
ERR: 无法加载模块:Public

[ 2026-06-10T20:16:07+08:00 ] ::1 /Public/uploads/goods/677186e6c624e.png
INFO: [ app_init ] --START--
INFO: Run Behavior\BuildLiteBehavior [ RunTime:0.000005s ]
INFO: [ app_init ] --END-- [ RunTime:0.000039s ]
ERR: 无法加载模块:Public

[ 2026-06-10T20:17:05+08:00 ] ::1 /Public/uploads/goods/677186e6c624e.png
INFO: [ app_init ] --START--
INFO: Run Behavior\BuildLiteBehavior [ RunTime:0.000014s ]
INFO: [ app_init ] --END-- [ RunTime:0.000136s ]
ERR: 无法加载模块:Public

[ 2026-06-10T20:17:38+08:00 ] ::1 /Public/uploads/banner/%7B%7Bblank.source[0]%7D%7D
INFO: [ app_init ] --START--
INFO: Run Behavior\BuildLiteBehavior [ RunTime:0.000005s ]
INFO: [ app_init ] --END-- [ RunTime:0.000044s ]
ERR: 无法加载模块:Public

[ 2026-06-10T20:17:38+08:00 ] ::1 /Public/uploads/goods/%7B%7Bblank.gimage%7D%7D
INFO: [ app_init ] --START--
INFO: Run Behavior\BuildLiteBehavior [ RunTime:0.000006s ]
INFO: [ app_init ] --END-- [ RunTime:0.000049s ]
ERR: 无法加载模块:Public

[ 2026-06-10T20:17:38+08:00 ] ::1 /Public/uploads/banner/%7B%7Bx%7D%7D
INFO: [ app_init ] --START--
INFO: Run Behavior\BuildLiteBehavior [ RunTime:0.000005s ]
INFO: [ app_init ] --END-- [ RunTime:0.000065s ]
ERR: 无法加载模块:Public

[ 2026-06-10T20:17:38+08:00 ] ::1 /Public/uploads/banner/677186e6c648d.png
INFO: [ app_init ] --START--
INFO: Run Behavior\BuildLiteBehavior [ RunTime:0.000005s ]
INFO: [ app_init ] --END-- [ RunTime:0.000042s ]
ERR: 无法加载模块:Public

[ 2026-06-10T20:17:38+08:00 ] ::1 /Public/uploads/goods/677186e6c624e.png
INFO: [ app_init ] --START--
INFO: Run Behavior\BuildLiteBehavior [ RunTime:0.000005s ]
INFO: [ app_init ] --END-- [ RunTime:0.000032s ]
ERR: 无法加载模块:Public

[ 2026-06-10T20:18:00+08:00 ] ::1 /Public/uploads/banner/%7B%7Bblank.source[0]%7D%7D
INFO: [ app_init ] --START--
INFO: Run Behavior\BuildLiteBehavior [ RunTime:0.000005s ]
INFO: [ app_init ] --END-- [ RunTime:0.000045s ]
ERR: 无法加载模块:Public

[ 2026-06-10T20:18:00+08:00 ] ::1 /Public/uploads/goods/%7B%7Bblank.gimage%7D%7D
INFO: [ app_init ] --START--
INFO: Run Behavior\BuildLiteBehavior [ RunTime:0.000005s ]
INFO: [ app_init ] --END-- [ RunTime:0.000041s ]
ERR: 无法加载模块:Public

[ 2026-06-10T20:18:00+08:00 ] ::1 /Public/uploads/banner/%7B%7Bx%7D%7D
INFO: [ app_init ] --START--
INFO: Run Behavior\BuildLiteBehavior [ RunTime:0.000003s ]
INFO: [ app_init ] --END-- [ RunTime:0.000042s ]
ERR: 无法加载模块:Public

[ 2026-06-10T20:18:00+08:00 ] ::1 /Public/uploads/banner/677186e6c648d.png
INFO: [ app_init ] --START--
INFO: Run Behavior\BuildLiteBehavior [ RunTime:0.000002s ]
INFO: [ app_init ] --END-- [ RunTime:0.000022s ]
ERR: 无法加载模块:Public

[ 2026-06-10T20:18:00+08:00 ] ::1 /Public/uploads/goods/677186e6c624e.png
INFO: [ app_init ] --START--
INFO: Run Behavior\BuildLiteBehavior [ RunTime:0.000026s ]
INFO: [ app_init ] --END-- [ RunTime:0.000109s ]
ERR: 无法加载模块:Public

[ 2026-06-10T20:25:07+08:00 ] ::1 /Public/uploads/banner/%7B%7Bblank.source[0]%7D%7D
INFO: [ app_init ] --START--
INFO: Run Behavior\BuildLiteBehavior [ RunTime:0.000007s ]
INFO: [ app_init ] --END-- [ RunTime:0.000156s ]
ERR: 无法加载模块:Public

[ 2026-06-10T20:25:07+08:00 ] ::1 /Public/uploads/goods/%7B%7Bblank.gimage%7D%7D
INFO: [ app_init ] --START--
INFO: Run Behavior\BuildLiteBehavior [ RunTime:0.000007s ]
INFO: [ app_init ] --END-- [ RunTime:0.000074s ]
ERR: 无法加载模块:Public

[ 2026-06-10T20:25:07+08:00 ] ::1 /Public/uploads/banner/%7B%7Bx%7D%7D
INFO: [ app_init ] --START--
INFO: Run Behavior\BuildLiteBehavior [ RunTime:0.000003s ]
INFO: [ app_init ] --END-- [ RunTime:0.000029s ]
ERR: 无法加载模块:Public

[ 2026-06-10T20:25:19+08:00 ] ::1 /Public/uploads/banner/677187340b61b.png
INFO: [ app_init ] --START--
INFO: Run Behavior\BuildLiteBehavior [ RunTime:0.000008s ]
INFO: [ app_init ] --END-- [ RunTime:0.000060s ]
ERR: 无法加载模块:Public

[ 2026-06-10T20:25:19+08:00 ] ::1 /Public/uploads/goods/677187340b3d7.png
INFO: [ app_init ] --START--
INFO: Run Behavior\BuildLiteBehavior [ RunTime:0.000004s ]
INFO: [ app_init ] --END-- [ RunTime:0.000039s ]
ERR: 无法加载模块:Public

[ 2026-06-10T20:25:20+08:00 ] ::1 /Public/uploads/banner/677190a61872f.png
INFO: [ app_init ] --START--
INFO: Run Behavior\BuildLiteBehavior [ RunTime:0.000004s ]
INFO: [ app_init ] --END-- [ RunTime:0.000033s ]
ERR: 无法加载模块:Public

[ 2026-06-10T20:25:20+08:00 ] ::1 /Public/uploads/goods/677190a6184e4.png
INFO: [ app_init ] --START--
INFO: Run Behavior\BuildLiteBehavior [ RunTime:0.000003s ]
INFO: [ app_init ] --END-- [ RunTime:0.000024s ]
ERR: 无法加载模块:Public

[ 2026-06-10T20:25:50+08:00 ] ::1 /Public/uploads/banner/677187340b61b.png
INFO: [ app_init ] --START--
INFO: Run Behavior\BuildLiteBehavior [ RunTime:0.000006s ]
INFO: [ app_init ] --END-- [ RunTime:0.000055s ]
ERR: 无法加载模块:Public

[ 2026-06-10T20:25:50+08:00 ] ::1 /Public/uploads/goods/677187340b3d7.png
INFO: [ app_init ] --START--
INFO: Run Behavior\BuildLiteBehavior [ RunTime:0.000004s ]
INFO: [ app_init ] --END-- [ RunTime:0.000030s ]
ERR: 无法加载模块:Public

[ 2026-06-10T20:25:51+08:00 ] ::1 /Public/uploads/banner/677190a61872f.png
INFO: [ app_init ] --START--
INFO: Run Behavior\BuildLiteBehavior [ RunTime:0.000003s ]
INFO: [ app_init ] --END-- [ RunTime:0.000034s ]
ERR: 无法加载模块:Public

[ 2026-06-10T20:25:51+08:00 ] ::1 /Public/uploads/goods/677190a6184e4.png
INFO: [ app_init ] --START--
INFO: Run Behavior\BuildLiteBehavior [ RunTime:0.000003s ]
INFO: [ app_init ] --END-- [ RunTime:0.000034s ]
ERR: 无法加载模块:Public

[ 2026-06-10T20:25:58+08:00 ] ::1 /Public/uploads/banner/%7B%7Bblank.source[0]%7D%7D
INFO: [ app_init ] --START--
INFO: Run Behavior\BuildLiteBehavior [ RunTime:0.000011s ]
INFO: [ app_init ] --END-- [ RunTime:0.000102s ]
ERR: 无法加载模块:Public

[ 2026-06-10T20:25:58+08:00 ] ::1 /Public/uploads/goods/%7B%7Bblank.gimage%7D%7D
INFO: [ app_init ] --START--
INFO: Run Behavior\BuildLiteBehavior [ RunTime:0.000007s ]
INFO: [ app_init ] --END-- [ RunTime:0.000054s ]
ERR: 无法加载模块:Public

[ 2026-06-10T20:25:58+08:00 ] ::1 /Public/uploads/banner/%7B%7Bx%7D%7D
INFO: [ app_init ] --START--
INFO: Run Behavior\BuildLiteBehavior [ RunTime:0.000006s ]
INFO: [ app_init ] --END-- [ RunTime:0.000045s ]
ERR: 无法加载模块:Public

[ 2026-06-10T20:26:07+08:00 ] ::1 /Public/uploads/banner/677190a61872f.png
INFO: [ app_init ] --START--
INFO: Run Behavior\BuildLiteBehavior [ RunTime:0.000004s ]
INFO: [ app_init ] --END-- [ RunTime:0.000041s ]
ERR: 无法加载模块:Public

[ 2026-06-10T20:26:07+08:00 ] ::1 /Public/uploads/goods/677190a6184e4.png
INFO: [ app_init ] --START--
INFO: Run Behavior\BuildLiteBehavior [ RunTime:0.000004s ]
INFO: [ app_init ] --END-- [ RunTime:0.000039s ]
ERR: 无法加载模块:Public

[ 2026-06-10T20:26:08+08:00 ] ::1 /Public/uploads/banner/677187340b61b.png
INFO: [ app_init ] --START--
INFO: Run Behavior\BuildLiteBehavior [ RunTime:0.000010s ]
INFO: [ app_init ] --END-- [ RunTime:0.000082s ]
ERR: 无法加载模块:Public

[ 2026-06-10T20:26:08+08:00 ] ::1 /Public/uploads/goods/677187340b3d7.png
INFO: [ app_init ] --START--
INFO: Run Behavior\BuildLiteBehavior [ RunTime:0.000004s ]
INFO: [ app_init ] --END-- [ RunTime:0.000054s ]
ERR: 无法加载模块:Public

[ 2026-06-10T20:26:12+08:00 ] ::1 /Public/uploads/banner/677190a61872f.png
INFO: [ app_init ] --START--
INFO: Run Behavior\BuildLiteBehavior [ RunTime:0.000004s ]
INFO: [ app_init ] --END-- [ RunTime:0.000038s ]
ERR: 无法加载模块:Public

[ 2026-06-10T20:26:12+08:00 ] ::1 /Public/uploads/goods/677190a6184e4.png
INFO: [ app_init ] --START--
INFO: Run Behavior\BuildLiteBehavior [ RunTime:0.000004s ]
INFO: [ app_init ] --END-- [ RunTime:0.000033s ]
ERR: 无法加载模块:Public

[ 2026-06-10T20:30:44+08:00 ] ::1 /Public/uploads/goods/%7B%7Bblank.gimage%7D%7D
INFO: [ app_init ] --START--
INFO: Run Behavior\BuildLiteBehavior [ RunTime:0.000005s ]
INFO: [ app_init ] --END-- [ RunTime:0.000111s ]
ERR: 无法加载模块:Public

[ 2026-06-10T20:30:44+08:00 ] ::1 /Public/uploads/banner/%7B%7Bblank.source[0]%7D%7D
INFO: [ app_init ] --START--
INFO: Run Behavior\BuildLiteBehavior [ RunTime:0.000003s ]
INFO: [ app_init ] --END-- [ RunTime:0.000020s ]
ERR: 无法加载模块:Public

[ 2026-06-10T20:30:44+08:00 ] ::1 /Public/uploads/banner/%7B%7Bx%7D%7D
INFO: [ app_init ] --START--
INFO: Run Behavior\BuildLiteBehavior [ RunTime:0.000004s ]
INFO: [ app_init ] --END-- [ RunTime:0.000028s ]
ERR: 无法加载模块:Public

[ 2026-06-10T20:32:43+08:00 ] ::1 /Public/uploads/goods/677187340b3d7.png
INFO: [ app_init ] --START--
INFO: Run Behavior\BuildLiteBehavior [ RunTime:0.000003s ]
INFO: [ app_init ] --END-- [ RunTime:0.000025s ]
ERR: 无法加载模块:Public

[ 2026-06-10T20:32:43+08:00 ] ::1 /Public/uploads/banner/677187340b61b.png
INFO: [ app_init ] --START--
INFO: Run Behavior\BuildLiteBehavior [ RunTime:0.000003s ]
INFO: [ app_init ] --END-- [ RunTime:0.000029s ]
ERR: 无法加载模块:Public

[ 2026-06-10T20:32:45+08:00 ] ::1 /Public/uploads/goods/677190a6184e4.png
INFO: [ app_init ] --START--
INFO: Run Behavior\BuildLiteBehavior [ RunTime:0.000008s ]
INFO: [ app_init ] --END-- [ RunTime:0.000057s ]
ERR: 无法加载模块:Public

[ 2026-06-10T20:32:45+08:00 ] ::1 /Public/uploads/banner/677190a61872f.png
INFO: [ app_init ] --START--
INFO: Run Behavior\BuildLiteBehavior [ RunTime:0.000005s ]
INFO: [ app_init ] --END-- [ RunTime:0.000047s ]
ERR: 无法加载模块:Public

[ 2026-06-10T20:32:47+08:00 ] ::1 /Public/uploads/goods/677187340b3d7.png
INFO: [ app_init ] --START--
INFO: Run Behavior\BuildLiteBehavior [ RunTime:0.000004s ]
INFO: [ app_init ] --END-- [ RunTime:0.000035s ]
ERR: 无法加载模块:Public

[ 2026-06-10T20:32:47+08:00 ] ::1 /Public/uploads/banner/677187340b61b.png
INFO: [ app_init ] --START--
INFO: Run Behavior\BuildLiteBehavior [ RunTime:0.000004s ]
INFO: [ app_init ] --END-- [ RunTime:0.000044s ]
ERR: 无法加载模块:Public

[ 2026-06-10T20:37:22+08:00 ] ::1 /Public/uploads/goods/%7B%7Bblank.gimage%7D%7D
INFO: [ app_init ] --START--
INFO: Run Behavior\BuildLiteBehavior [ RunTime:0.000004s ]
INFO: [ app_init ] --END-- [ RunTime:0.000055s ]
ERR: 无法加载模块:Public

[ 2026-06-10T20:37:22+08:00 ] ::1 /Public/uploads/banner/%7B%7Bblank.source[0]%7D%7D
INFO: [ app_init ] --START--
INFO: Run Behavior\BuildLiteBehavior [ RunTime:0.000004s ]
INFO: [ app_init ] --END-- [ RunTime:0.000038s ]
ERR: 无法加载模块:Public

[ 2026-06-10T20:37:22+08:00 ] ::1 /Public/uploads/banner/%7B%7Bx%7D%7D
INFO: [ app_init ] --START--
INFO: Run Behavior\BuildLiteBehavior [ RunTime:0.000003s ]
INFO: [ app_init ] --END-- [ RunTime:0.000057s ]
ERR: 无法加载模块:Public

[ 2026-06-10T20:37:45+08:00 ] ::1 /Public/uploads/goods/
INFO: [ app_init ] --START--
INFO: Run Behavior\BuildLiteBehavior [ RunTime:0.000005s ]
INFO: [ app_init ] --END-- [ RunTime:0.000044s ]
ERR: 无法加载模块:Public

[ 2026-06-10T20:37:45+08:00 ] ::1 /Public/uploads/banner/
INFO: [ app_init ] --START--
INFO: Run Behavior\BuildLiteBehavior [ RunTime:0.000003s ]
INFO: [ app_init ] --END-- [ RunTime:0.000031s ]
ERR: 无法加载模块:Public

[ 2026-06-10T20:37:54+08:00 ] ::1 /Public/uploads/goods/null
INFO: [ app_init ] --START--
INFO: Run Behavior\BuildLiteBehavior [ RunTime:0.000008s ]
INFO: [ app_init ] --END-- [ RunTime:0.000133s ]
ERR: 无法加载模块:Public

[ 2026-06-10T20:38:07+08:00 ] ::1 /Public/uploads/goods/%7B%7Bblank.gimage%7D%7D
INFO: [ app_init ] --START--
INFO: Run Behavior\BuildLiteBehavior [ RunTime:0.000004s ]
INFO: [ app_init ] --END-- [ RunTime:0.000044s ]
ERR: 无法加载模块:Public

[ 2026-06-10T20:38:07+08:00 ] ::1 /Public/uploads/banner/%7B%7Bblank.source[0]%7D%7D
INFO: [ app_init ] --START--
INFO: Run Behavior\BuildLiteBehavior [ RunTime:0.000007s ]
INFO: [ app_init ] --END-- [ RunTime:0.000092s ]
ERR: 无法加载模块:Public

[ 2026-06-10T20:38:07+08:00 ] ::1 /Public/uploads/banner/%7B%7Bx%7D%7D
INFO: [ app_init ] --START--
INFO: Run Behavior\BuildLiteBehavior [ RunTime:0.000005s ]
INFO: [ app_init ] --END-- [ RunTime:0.000052s ]
ERR: 无法加载模块:Public

[ 2026-06-10T20:38:07+08:00 ] ::1 /Public/uploads/goods/null
INFO: [ app_init ] --START--
INFO: Run Behavior\BuildLiteBehavior [ RunTime:0.000006s ]
INFO: [ app_init ] --END-- [ RunTime:0.000053s ]
ERR: 无法加载模块:Public

[ 2026-06-10T20:38:07+08:00 ] ::1 /Public/uploads/banner/
INFO: [ app_init ] --START--
INFO: Run Behavior\BuildLiteBehavior [ RunTime:0.000003s ]
INFO: [ app_init ] --END-- [ RunTime:0.000025s ]
ERR: 无法加载模块:Public

[ 2026-06-10T20:38:08+08:00 ] ::1 /Public/uploads/goods/%7B%7Bblank.gimage%7D%7D
INFO: [ app_init ] --START--
INFO: Run Behavior\BuildLiteBehavior [ RunTime:0.000003s ]
INFO: [ app_init ] --END-- [ RunTime:0.000037s ]
ERR: 无法加载模块:Public

[ 2026-06-10T20:38:08+08:00 ] ::1 /Public/uploads/banner/%7B%7Bblank.source[0]%7D%7D
INFO: [ app_init ] --START--
INFO: Run Behavior\BuildLiteBehavior [ RunTime:0.000005s ]
INFO: [ app_init ] --END-- [ RunTime:0.000044s ]
ERR: 无法加载模块:Public

[ 2026-06-10T20:38:08+08:00 ] ::1 /Public/uploads/banner/%7B%7Bx%7D%7D
INFO: [ app_init ] --START--
INFO: Run Behavior\BuildLiteBehavior [ RunTime:0.000005s ]
INFO: [ app_init ] --END-- [ RunTime:0.000043s ]
ERR: 无法加载模块:Public

[ 2026-06-10T20:38:09+08:00 ] ::1 /Public/uploads/goods/null
INFO: [ app_init ] --START--
INFO: Run Behavior\BuildLiteBehavior [ RunTime:0.000005s ]
INFO: [ app_init ] --END-- [ RunTime:0.000044s ]
ERR: 无法加载模块:Public

[ 2026-06-10T20:38:09+08:00 ] ::1 /Public/uploads/banner/
INFO: [ app_init ] --START--
INFO: Run Behavior\BuildLiteBehavior [ RunTime:0.000005s ]
INFO: [ app_init ] --END-- [ RunTime:0.000155s ]
ERR: 无法加载模块:Public

[ 2026-06-10T20:38:31+08:00 ] ::1 /Public/uploads/goods/677187340b3d7.png
INFO: [ app_init ] --START--
INFO: Run Behavior\BuildLiteBehavior [ RunTime:0.000006s ]
INFO: [ app_init ] --END-- [ RunTime:0.000046s ]
ERR: 无法加载模块:Public

[ 2026-06-10T20:38:31+08:00 ] ::1 /Public/uploads/banner/677187340b61b.png
INFO: [ app_init ] --START--
INFO: Run Behavior\BuildLiteBehavior [ RunTime:0.000005s ]
INFO: [ app_init ] --END-- [ RunTime:0.000041s ]
ERR: 无法加载模块:Public

[ 2026-06-10T20:38:35+08:00 ] ::1 /Public/uploads/goods/677190a6184e4.png
INFO: [ app_init ] --START--
INFO: Run Behavior\BuildLiteBehavior [ RunTime:0.000004s ]
INFO: [ app_init ] --END-- [ RunTime:0.000033s ]
ERR: 无法加载模块:Public

[ 2026-06-10T20:38:35+08:00 ] ::1 /Public/uploads/banner/677190a61872f.png
INFO: [ app_init ] --START--
INFO: Run Behavior\BuildLiteBehavior [ RunTime:0.000005s ]
INFO: [ app_init ] --END-- [ RunTime:0.000048s ]
ERR: 无法加载模块:Public

[ 2026-06-10T20:38:37+08:00 ] ::1 /Public/uploads/goods/null
INFO: [ app_init ] --START--
INFO: Run Behavior\BuildLiteBehavior [ RunTime:0.000004s ]
INFO: [ app_init ] --END-- [ RunTime:0.000033s ]
ERR: 无法加载模块:Public

[ 2026-06-10T20:38:37+08:00 ] ::1 /Public/uploads/banner/
INFO: [ app_init ] --START--
INFO: Run Behavior\BuildLiteBehavior [ RunTime:0.000004s ]
INFO: [ app_init ] --END-- [ RunTime:0.000028s ]
ERR: 无法加载模块:Public

[ 2026-06-10T20:38:47+08:00 ] ::1 /Public/uploads/goods/
INFO: [ app_init ] --START--
INFO: Run Behavior\BuildLiteBehavior [ RunTime:0.000004s ]
INFO: [ app_init ] --END-- [ RunTime:0.000035s ]
ERR: 无法加载模块:Public

[ 2026-06-10T20:38:54+08:00 ] ::1 /Public/uploads/goods/%7B%7Bblank.gimage%7D%7D
INFO: [ app_init ] --START--
INFO: Run Behavior\BuildLiteBehavior [ RunTime:0.000012s ]
INFO: [ app_init ] --END-- [ RunTime:0.000092s ]
ERR: 无法加载模块:Public

[ 2026-06-10T20:38:54+08:00 ] ::1 /Public/uploads/banner/%7B%7Bblank.source[0]%7D%7D
INFO: [ app_init ] --START--
INFO: Run Behavior\BuildLiteBehavior [ RunTime:0.000006s ]
INFO: [ app_init ] --END-- [ RunTime:0.000072s ]
ERR: 无法加载模块:Public

[ 2026-06-10T20:38:54+08:00 ] ::1 /Public/uploads/banner/%7B%7Bx%7D%7D
INFO: [ app_init ] --START--
INFO: Run Behavior\BuildLiteBehavior [ RunTime:0.000002s ]
INFO: [ app_init ] --END-- [ RunTime:0.000011s ]
ERR: 无法加载模块:Public

[ 2026-06-10T20:38:54+08:00 ] ::1 /Public/uploads/goods/
INFO: [ app_init ] --START--
INFO: Run Behavior\BuildLiteBehavior [ RunTime:0.000003s ]
INFO: [ app_init ] --END-- [ RunTime:0.000032s ]
ERR: 无法加载模块:Public

[ 2026-06-10T20:38:54+08:00 ] ::1 /Public/uploads/banner/
INFO: [ app_init ] --START--
INFO: Run Behavior\BuildLiteBehavior [ RunTime:0.000004s ]
INFO: [ app_init ] --END-- [ RunTime:0.000029s ]
ERR: 无法加载模块:Public

[ 2026-06-10T20:38:56+08:00 ] ::1 /Public/uploads/goods/%7B%7Bblank.gimage%7D%7D
INFO: [ app_init ] --START--
INFO: Run Behavior\BuildLiteBehavior [ RunTime:0.000008s ]
INFO: [ app_init ] --END-- [ RunTime:0.000053s ]
ERR: 无法加载模块:Public

[ 2026-06-10T20:38:56+08:00 ] ::1 /Public/uploads/banner/%7B%7Bblank.source[0]%7D%7D
INFO: [ app_init ] --START--
INFO: Run Behavior\BuildLiteBehavior [ RunTime:0.000004s ]
INFO: [ app_init ] --END-- [ RunTime:0.000041s ]
ERR: 无法加载模块:Public

[ 2026-06-10T20:38:56+08:00 ] ::1 /Public/uploads/banner/%7B%7Bx%7D%7D
INFO: [ app_init ] --START--
INFO: Run Behavior\BuildLiteBehavior [ RunTime:0.000003s ]
INFO: [ app_init ] --END-- [ RunTime:0.000030s ]
ERR: 无法加载模块:Public

[ 2026-06-10T20:38:56+08:00 ] ::1 /Public/uploads/goods/
INFO: [ app_init ] --START--
INFO: Run Behavior\BuildLiteBehavior [ RunTime:0.000003s ]
INFO: [ app_init ] --END-- [ RunTime:0.000025s ]
ERR: 无法加载模块:Public

[ 2026-06-10T20:38:56+08:00 ] ::1 /Public/uploads/banner/
INFO: [ app_init ] --START--
INFO: Run Behavior\BuildLiteBehavior [ RunTime:0.000004s ]
INFO: [ app_init ] --END-- [ RunTime:0.000038s ]
ERR: 无法加载模块:Public

[ 2026-06-10T20:39:08+08:00 ] ::1 /Public/uploads/goods/%7B%7Bblank.gimage%7D%7D
INFO: [ app_init ] --START--
INFO: Run Behavior\BuildLiteBehavior [ RunTime:0.000004s ]
INFO: [ app_init ] --END-- [ RunTime:0.000041s ]
ERR: 无法加载模块:Public

[ 2026-06-10T20:39:08+08:00 ] ::1 /Public/uploads/banner/%7B%7Bblank.source[0]%7D%7D
INFO: [ app_init ] --START--
INFO: Run Behavior\BuildLiteBehavior [ RunTime:0.000004s ]
INFO: [ app_init ] --END-- [ RunTime:0.000035s ]
ERR: 无法加载模块:Public

[ 2026-06-10T20:39:08+08:00 ] ::1 /Public/uploads/banner/%7B%7Bx%7D%7D
INFO: [ app_init ] --START--
INFO: Run Behavior\BuildLiteBehavior [ RunTime:0.000003s ]
INFO: [ app_init ] --END-- [ RunTime:0.000045s ]
ERR: 无法加载模块:Public

[ 2026-06-10T20:39:09+08:00 ] ::1 /Public/uploads/goods/
INFO: [ app_init ] --START--
INFO: Run Behavior\BuildLiteBehavior [ RunTime:0.000007s ]
INFO: [ app_init ] --END-- [ RunTime:0.000076s ]
ERR: 无法加载模块:Public

[ 2026-06-10T20:39:09+08:00 ] ::1 /Public/uploads/banner/
INFO: [ app_init ] --START--
INFO: Run Behavior\BuildLiteBehavior [ RunTime:0.000012s ]
INFO: [ app_init ] --END-- [ RunTime:0.000091s ]
ERR: 无法加载模块:Public

[ 2026-06-10T20:39:11+08:00 ] ::1 /Public/uploads/goods/677187340b3d7.png
INFO: [ app_init ] --START--
INFO: Run Behavior\BuildLiteBehavior [ RunTime:0.000012s ]
INFO: [ app_init ] --END-- [ RunTime:0.000108s ]
ERR: 无法加载模块:Public

[ 2026-06-10T20:39:11+08:00 ] ::1 /Public/uploads/banner/677187340b61b.png
INFO: [ app_init ] --START--
INFO: Run Behavior\BuildLiteBehavior [ RunTime:0.000006s ]
INFO: [ app_init ] --END-- [ RunTime:0.000097s ]
ERR: 无法加载模块:Public

[ 2026-06-10T20:39:13+08:00 ] ::1 /Public/uploads/goods/677190a6184e4.png
INFO: [ app_init ] --START--
INFO: Run Behavior\BuildLiteBehavior [ RunTime:0.000010s ]
INFO: [ app_init ] --END-- [ RunTime:0.000085s ]
ERR: 无法加载模块:Public

[ 2026-06-10T20:39:13+08:00 ] ::1 /Public/uploads/banner/677190a61872f.png
INFO: [ app_init ] --START--
INFO: Run Behavior\BuildLiteBehavior [ RunTime:0.000003s ]
INFO: [ app_init ] --END-- [ RunTime:0.000033s ]
ERR: 无法加载模块:Public

[ 2026-06-10T20:39:15+08:00 ] ::1 /Public/uploads/goods/
INFO: [ app_init ] --START--
INFO: Run Behavior\BuildLiteBehavior [ RunTime:0.000006s ]
INFO: [ app_init ] --END-- [ RunTime:0.000058s ]
ERR: 无法加载模块:Public

[ 2026-06-10T20:39:15+08:00 ] ::1 /Public/uploads/banner/
INFO: [ app_init ] --START--
INFO: Run Behavior\BuildLiteBehavior [ RunTime:0.000003s ]
INFO: [ app_init ] --END-- [ RunTime:0.000032s ]
ERR: 无法加载模块:Public

[ 2026-06-10T20:41:41+08:00 ] ::1 /Public/uploads/goods/677187340b3d7.png
INFO: [ app_init ] --START--
INFO: Run Behavior\BuildLiteBehavior [ RunTime:0.000010s ]
INFO: [ app_init ] --END-- [ RunTime:0.000080s ]
ERR: 无法加载模块:Public

[ 2026-06-10T20:41:41+08:00 ] ::1 /Public/uploads/banner/677187340b61b.png
INFO: [ app_init ] --START--
INFO: Run Behavior\BuildLiteBehavior [ RunTime:0.000006s ]
INFO: [ app_init ] --END-- [ RunTime:0.000047s ]
ERR: 无法加载模块:Public

[ 2026-06-10T20:41:42+08:00 ] ::1 /Public/uploads/goods/
INFO: [ app_init ] --START--
INFO: Run Behavior\BuildLiteBehavior [ RunTime:0.000003s ]
INFO: [ app_init ] --END-- [ RunTime:0.000033s ]
ERR: 无法加载模块:Public

[ 2026-06-10T20:41:42+08:00 ] ::1 /Public/uploads/banner/
INFO: [ app_init ] --START--
INFO: Run Behavior\BuildLiteBehavior [ RunTime:0.000004s ]
INFO: [ app_init ] --END-- [ RunTime:0.000042s ]
ERR: 无法加载模块:Public

[ 2026-06-10T20:56:56+08:00 ] ::1 /Public/uploads/goods/%7B%7Bblank.gimage%7D%7D
INFO: [ app_init ] --START--
INFO: Run Behavior\BuildLiteBehavior [ RunTime:0.000017s ]
INFO: [ app_init ] --END-- [ RunTime:0.000073s ]
ERR: 无法加载模块:Public

[ 2026-06-10T20:56:56+08:00 ] ::1 /Public/uploads/banner/%7B%7Bblank.source[0]%7D%7D
INFO: [ app_init ] --START--
INFO: Run Behavior\BuildLiteBehavior [ RunTime:0.000006s ]
INFO: [ app_init ] --END-- [ RunTime:0.000046s ]
ERR: 无法加载模块:Public

[ 2026-06-10T20:56:56+08:00 ] ::1 /Public/uploads/banner/%7B%7Bx%7D%7D
INFO: [ app_init ] --START--
INFO: Run Behavior\BuildLiteBehavior [ RunTime:0.000003s ]
INFO: [ app_init ] --END-- [ RunTime:0.000032s ]
ERR: 无法加载模块:Public

[ 2026-06-10T20:56:56+08:00 ] ::1 /Public/uploads/goods/
INFO: [ app_init ] --START--
INFO: Run Behavior\BuildLiteBehavior [ RunTime:0.000005s ]
INFO: [ app_init ] --END-- [ RunTime:0.000044s ]
ERR: 无法加载模块:Public

[ 2026-06-10T20:56:56+08:00 ] ::1 /Public/uploads/banner/
INFO: [ app_init ] --START--
INFO: Run Behavior\BuildLiteBehavior [ RunTime:0.000008s ]
INFO: [ app_init ] --END-- [ RunTime:0.000058s ]
ERR: 无法加载模块:Public

[ 2026-06-10T20:56:59+08:00 ] ::1 /Public/uploads/goods/677187340b3d7.png
INFO: [ app_init ] --START--
INFO: Run Behavior\BuildLiteBehavior [ RunTime:0.000011s ]
INFO: [ app_init ] --END-- [ RunTime:0.000089s ]
ERR: 无法加载模块:Public

[ 2026-06-10T20:56:59+08:00 ] ::1 /Public/uploads/banner/677187340b61b.png
INFO: [ app_init ] --START--
INFO: Run Behavior\BuildLiteBehavior [ RunTime:0.000003s ]
INFO: [ app_init ] --END-- [ RunTime:0.000030s ]
ERR: 无法加载模块:Public

[ 2026-06-10T20:57:06+08:00 ] ::1 /Public/uploads/goods/
INFO: [ app_init ] --START--
INFO: Run Behavior\BuildLiteBehavior [ RunTime:0.000006s ]
INFO: [ app_init ] --END-- [ RunTime:0.000049s ]
ERR: 无法加载模块:Public

[ 2026-06-10T20:57:06+08:00 ] ::1 /Public/uploads/banner/
INFO: [ app_init ] --START--
INFO: Run Behavior\BuildLiteBehavior [ RunTime:0.000003s ]
INFO: [ app_init ] --END-- [ RunTime:0.000032s ]
ERR: 无法加载模块:Public

[ 2026-06-10T20:57:17+08:00 ] ::1 /Public/uploads/goods/677187340b3d7.png
INFO: [ app_init ] --START--
INFO: Run Behavior\BuildLiteBehavior [ RunTime:0.000002s ]
INFO: [ app_init ] --END-- [ RunTime:0.000019s ]
ERR: 无法加载模块:Public

[ 2026-06-10T20:57:17+08:00 ] ::1 /Public/uploads/banner/677187340b61b.png
INFO: [ app_init ] --START--
INFO: Run Behavior\BuildLiteBehavior [ RunTime:0.000002s ]
INFO: [ app_init ] --END-- [ RunTime:0.000017s ]
ERR: 无法加载模块:Public

[ 2026-06-10T20:57:24+08:00 ] ::1 /Public/uploads/goods/%7B%7Bblank.gimage%7D%7D
INFO: [ app_init ] --START--
INFO: Run Behavior\BuildLiteBehavior [ RunTime:0.000005s ]
INFO: [ app_init ] --END-- [ RunTime:0.000046s ]
ERR: 无法加载模块:Public

[ 2026-06-10T20:57:24+08:00 ] ::1 /Public/uploads/banner/%7B%7Bblank.source[0]%7D%7D
INFO: [ app_init ] --START--
INFO: Run Behavior\BuildLiteBehavior [ RunTime:0.000003s ]
INFO: [ app_init ] --END-- [ RunTime:0.000028s ]
ERR: 无法加载模块:Public

[ 2026-06-10T20:57:24+08:00 ] ::1 /Public/uploads/banner/%7B%7Bx%7D%7D
INFO: [ app_init ] --START--
INFO: Run Behavior\BuildLiteBehavior [ RunTime:0.000001s ]
INFO: [ app_init ] --END-- [ RunTime:0.000016s ]
ERR: 无法加载模块:Public

[ 2026-06-10T20:57:24+08:00 ] ::1 /Public/uploads/goods/677187340b3d7.png
INFO: [ app_init ] --START--
INFO: Run Behavior\BuildLiteBehavior [ RunTime:0.000005s ]
INFO: [ app_init ] --END-- [ RunTime:0.000036s ]
ERR: 无法加载模块:Public

[ 2026-06-10T20:57:24+08:00 ] ::1 /Public/uploads/banner/677187340b61b.png
INFO: [ app_init ] --START--
INFO: Run Behavior\BuildLiteBehavior [ RunTime:0.000003s ]
INFO: [ app_init ] --END-- [ RunTime:0.000034s ]
ERR: 无法加载模块:Public

[ 2026-06-10T20:57:34+08:00 ] ::1 /Public/uploads/goods/677190a6184e4.png
INFO: [ app_init ] --START--
INFO: Run Behavior\BuildLiteBehavior [ RunTime:0.000011s ]
INFO: [ app_init ] --END-- [ RunTime:0.000120s ]
ERR: 无法加载模块:Public

[ 2026-06-10T20:57:34+08:00 ] ::1 /Public/uploads/banner/677190a61872f.png
INFO: [ app_init ] --START--
INFO: Run Behavior\BuildLiteBehavior [ RunTime:0.000005s ]
INFO: [ app_init ] --END-- [ RunTime:0.000050s ]
ERR: 无法加载模块:Public

[ 2026-06-10T20:57:46+08:00 ] ::1 /Public/uploads/goods/677187340b3d7.png
INFO: [ app_init ] --START--
INFO: Run Behavior\BuildLiteBehavior [ RunTime:0.000007s ]
INFO: [ app_init ] --END-- [ RunTime:0.000062s ]
ERR: 无法加载模块:Public

[ 2026-06-10T20:57:46+08:00 ] ::1 /Public/uploads/banner/677187340b61b.png
INFO: [ app_init ] --START--
INFO: Run Behavior\BuildLiteBehavior [ RunTime:0.000005s ]
INFO: [ app_init ] --END-- [ RunTime:0.000042s ]
ERR: 无法加载模块:Public

[ 2026-06-10T21:18:19+08:00 ] ::1 /Public/uploads/goods/%7B%7Bblank.gimage%7D%7D
INFO: [ app_init ] --START--
INFO: Run Behavior\BuildLiteBehavior [ RunTime:0.000004s ]
INFO: [ app_init ] --END-- [ RunTime:0.000032s ]
ERR: 无法加载模块:Public

[ 2026-06-10T21:18:19+08:00 ] ::1 /Public/uploads/banner/%7B%7Bblank.source[0]%7D%7D
INFO: [ app_init ] --START--
INFO: Run Behavior\BuildLiteBehavior [ RunTime:0.000005s ]
INFO: [ app_init ] --END-- [ RunTime:0.000041s ]
ERR: 无法加载模块:Public

[ 2026-06-10T21:18:19+08:00 ] ::1 /Public/uploads/banner/%7B%7Bx%7D%7D
INFO: [ app_init ] --START--
INFO: Run Behavior\BuildLiteBehavior [ RunTime:0.000004s ]
INFO: [ app_init ] --END-- [ RunTime:0.000026s ]
ERR: 无法加载模块:Public

[ 2026-06-10T21:18:19+08:00 ] ::1 /Public/uploads/goods/677187340b3d7.png
INFO: [ app_init ] --START--
INFO: Run Behavior\BuildLiteBehavior [ RunTime:0.000004s ]
INFO: [ app_init ] --END-- [ RunTime:0.000031s ]
ERR: 无法加载模块:Public

[ 2026-06-10T21:18:19+08:00 ] ::1 /Public/uploads/banner/677187340b61b.png
INFO: [ app_init ] --START--
INFO: Run Behavior\BuildLiteBehavior [ RunTime:0.000003s ]
INFO: [ app_init ] --END-- [ RunTime:0.000024s ]
ERR: 无法加载模块:Public

