[ 2026-06-16T14:56:40+08:00 ] ::1 /Public/uploads/ads/65895d415803c.png
INFO: [ app_init ] --START--
INFO: Run Behavior\BuildLiteBehavior [ RunTime:0.000003s ]
INFO: [ app_init ] --END-- [ RunTime:0.000032s ]
ERR: 无法加载模块:Public

[ 2026-06-16T14:56:40+08:00 ] ::1 /Public/uploads/ads/65899d8984c83.png
INFO: [ app_init ] --START--
INFO: Run Behavior\BuildLiteBehavior [ RunTime:0.000003s ]
INFO: [ app_init ] --END-- [ RunTime:0.000025s ]
ERR: 无法加载模块:Public

[ 2026-06-16T14:56:40+08:00 ] ::1 /Public/uploads/ads/65899ed645e2a.png
INFO: [ app_init ] --START--
INFO: Run Behavior\BuildLiteBehavior [ RunTime:0.000002s ]
INFO: [ app_init ] --END-- [ RunTime:0.000069s ]
ERR: 无法加载模块:Public

[ 2026-06-16T14:56:40+08:00 ] ::1 /Public/uploads/ads/6589a1e872fe9.png
INFO: [ app_init ] --START--
INFO: Run Behavior\BuildLiteBehavior [ RunTime:0.000009s ]
INFO: [ app_init ] --END-- [ RunTime:0.000127s ]
ERR: 无法加载模块:Public

[ 2026-06-16T14:56:40+08:00 ] ::1 /Public/uploads/ads/6589a3ad5556d.png
INFO: [ app_init ] --START--
INFO: Run Behavior\BuildLiteBehavior [ RunTime:0.000002s ]
INFO: [ app_init ] --END-- [ RunTime:0.000025s ]
ERR: 无法加载模块:Public

[ 2026-06-16T14:56:40+08:00 ] ::1 /Public/uploads/ads/6589a7243f8a3.png
INFO: [ app_init ] --START--
INFO: Run Behavior\BuildLiteBehavior [ RunTime:0.000007s ]
INFO: [ app_init ] --END-- [ RunTime:0.000051s ]
ERR: 无法加载模块:Public

[ 2026-06-16T14:56:42+08:00 ] ::1 /Public/uploads/ads/66757148c066e.png
INFO: [ app_init ] --START--
INFO: Run Behavior\BuildLiteBehavior [ RunTime:0.000004s ]
INFO: [ app_init ] --END-- [ RunTime:0.000059s ]
ERR: 无法加载模块:Public

[ 2026-06-16T14:56:42+08:00 ] ::1 /Public/uploads/ads/66757148c098c.png
INFO: [ app_init ] --START--
INFO: Run Behavior\BuildLiteBehavior [ RunTime:0.000081s ]
INFO: [ app_init ] --END-- [ RunTime:0.000370s ]
ERR: 无法加载模块:Public

[ 2026-06-16T14:56:42+08:00 ] ::1 /Public/uploads/ads/6675715fb885e.png
INFO: [ app_init ] --START--
INFO: Run Behavior\BuildLiteBehavior [ RunTime:0.000010s ]
INFO: [ app_init ] --END-- [ RunTime:0.000060s ]
ERR: 无法加载模块:Public

[ 2026-06-16T14:56:42+08:00 ] ::1 /Public/uploads/ads/6675715fb8b90.png
INFO: [ app_init ] --START--
INFO: Run Behavior\BuildLiteBehavior [ RunTime:0.000004s ]
INFO: [ app_init ] --END-- [ RunTime:0.000038s ]
ERR: 无法加载模块:Public

[ 2026-06-16T14:56:42+08:00 ] ::1 /Public/uploads/ads/6675716ac7514.png
INFO: [ app_init ] --START--
INFO: Run Behavior\BuildLiteBehavior [ RunTime:0.000006s ]
INFO: [ app_init ] --END-- [ RunTime:0.000048s ]
ERR: 无法加载模块:Public

[ 2026-06-16T14:56:42+08:00 ] ::1 /Public/uploads/ads/6675716ac7817.png
INFO: [ app_init ] --START--
INFO: Run Behavior\BuildLiteBehavior [ RunTime:0.000009s ]
INFO: [ app_init ] --END-- [ RunTime:0.000081s ]
ERR: 无法加载模块:Public

[ 2026-06-16T14:56:42+08:00 ] ::1 /Public/uploads/ads/6675718d0ec81.png
INFO: [ app_init ] --START--
INFO: Run Behavior\BuildLiteBehavior [ RunTime:0.000004s ]
INFO: [ app_init ] --END-- [ RunTime:0.000031s ]
ERR: 无法加载模块:Public

[ 2026-06-16T14:56:42+08:00 ] ::1 /Public/uploads/ads/6675718d0efbc.png
INFO: [ app_init ] --START--
INFO: Run Behavior\BuildLiteBehavior [ RunTime:0.000003s ]
INFO: [ app_init ] --END-- [ RunTime:0.000028s ]
ERR: 无法加载模块:Public

[ 2026-06-16T14:56:42+08:00 ] ::1 /Public/uploads/ads/667571759c6d5.png
INFO: [ app_init ] --START--
INFO: Run Behavior\BuildLiteBehavior [ RunTime:0.000007s ]
INFO: [ app_init ] --END-- [ RunTime:0.000138s ]
ERR: 无法加载模块:Public

[ 2026-06-16T14:56:42+08:00 ] ::1 /Public/uploads/ads/667571759c9e8.png
INFO: [ app_init ] --START--
INFO: Run Behavior\BuildLiteBehavior [ RunTime:0.000004s ]
INFO: [ app_init ] --END-- [ RunTime:0.000028s ]
ERR: 无法加载模块:Public

[ 2026-06-16T14:56:42+08:00 ] ::1 /Public/uploads/ads/6675717f87bc9.png
INFO: [ app_init ] --START--
INFO: Run Behavior\BuildLiteBehavior [ RunTime:0.000002s ]
INFO: [ app_init ] --END-- [ RunTime:0.000013s ]
ERR: 无法加载模块:Public

[ 2026-06-16T14:56:42+08:00 ] ::1 /Public/uploads/ads/6675717f87e99.png
INFO: [ app_init ] --START--
INFO: Run Behavior\BuildLiteBehavior [ RunTime:0.000003s ]
INFO: [ app_init ] --END-- [ RunTime:0.000033s ]
ERR: 无法加载模块:Public

[ 2026-06-16T14:56:42+08:00 ] ::1 /Public/uploads/ads/667571984bf93.png
INFO: [ app_init ] --START--
INFO: Run Behavior\BuildLiteBehavior [ RunTime:0.000010s ]
INFO: [ app_init ] --END-- [ RunTime:0.000097s ]
ERR: 无法加载模块:Public

[ 2026-06-16T14:56:42+08:00 ] ::1 /Public/uploads/ads/667571984c319.png
INFO: [ app_init ] --START--
INFO: Run Behavior\BuildLiteBehavior [ RunTime:0.000006s ]
INFO: [ app_init ] --END-- [ RunTime:0.000048s ]
ERR: 无法加载模块:Public

[ 2026-06-16T14:56:42+08:00 ] ::1 /Public/uploads/ads/667571a2cad58.png
INFO: [ app_init ] --START--
INFO: Run Behavior\BuildLiteBehavior [ RunTime:0.000003s ]
INFO: [ app_init ] --END-- [ RunTime:0.000028s ]
ERR: 无法加载模块:Public

[ 2026-06-16T14:56:42+08:00 ] ::1 /Public/uploads/ads/667571a2cb06d.png
INFO: [ app_init ] --START--
INFO: Run Behavior\BuildLiteBehavior [ RunTime:0.000005s ]
INFO: [ app_init ] --END-- [ RunTime:0.000043s ]
ERR: 无法加载模块:Public

[ 2026-06-16T14:56:42+08:00 ] ::1 /Public/uploads/ads/667571ae011ed.png
INFO: [ app_init ] --START--
INFO: Run Behavior\BuildLiteBehavior [ RunTime:0.000004s ]
INFO: [ app_init ] --END-- [ RunTime:0.000040s ]
ERR: 无法加载模块:Public

[ 2026-06-16T14:56:42+08:00 ] ::1 /Public/uploads/ads/667571ae01575.png
INFO: [ app_init ] --START--
INFO: Run Behavior\BuildLiteBehavior [ RunTime:0.000008s ]
INFO: [ app_init ] --END-- [ RunTime:0.000115s ]
ERR: 无法加载模块:Public

[ 2026-06-16T14:56:42+08:00 ] ::1 /Public/uploads/ads/667571b7f3721.png
INFO: [ app_init ] --START--
INFO: Run Behavior\BuildLiteBehavior [ RunTime:0.000002s ]
INFO: [ app_init ] --END-- [ RunTime:0.000020s ]
ERR: 无法加载模块:Public

[ 2026-06-16T14:56:42+08:00 ] ::1 /Public/uploads/ads/667571b7f3a47.png
INFO: [ app_init ] --START--
INFO: Run Behavior\BuildLiteBehavior [ RunTime:0.000003s ]
INFO: [ app_init ] --END-- [ RunTime:0.000015s ]
ERR: 无法加载模块:Public

[ 2026-06-16T14:56:44+08:00 ] ::1 /Public/uploads/goods/%7B%7Bblank.gimage%7D%7D
INFO: [ app_init ] --START--
INFO: Run Behavior\BuildLiteBehavior [ RunTime:0.000008s ]
INFO: [ app_init ] --END-- [ RunTime:0.000071s ]
ERR: 无法加载模块:Public

[ 2026-06-16T14:56:44+08:00 ] ::1 /Public/uploads/banner/%7B%7Bblank.source[0]%7D%7D
INFO: [ app_init ] --START--
INFO: Run Behavior\BuildLiteBehavior [ RunTime:0.000003s ]
INFO: [ app_init ] --END-- [ RunTime:0.000022s ]
ERR: 无法加载模块:Public

[ 2026-06-16T14:56:44+08:00 ] ::1 /Public/uploads/banner/%7B%7Bx%7D%7D
INFO: [ app_init ] --START--
INFO: Run Behavior\BuildLiteBehavior [ RunTime:0.000001s ]
INFO: [ app_init ] --END-- [ RunTime:0.000013s ]
ERR: 无法加载模块:Public

[ 2026-06-16T15:21:58+08:00 ] ::1 /Public/uploads/goods/%7B%7Bblank.gimage%7D%7D
INFO: [ app_init ] --START--
INFO: Run Behavior\BuildLiteBehavior [ RunTime:0.000006s ]
INFO: [ app_init ] --END-- [ RunTime:0.000052s ]
ERR: 无法加载模块:Public

[ 2026-06-16T15:21:58+08:00 ] ::1 /Public/uploads/banner/%7B%7Bblank.source[0]%7D%7D
INFO: [ app_init ] --START--
INFO: Run Behavior\BuildLiteBehavior [ RunTime:0.000004s ]
INFO: [ app_init ] --END-- [ RunTime:0.000042s ]
ERR: 无法加载模块:Public

[ 2026-06-16T15:21:58+08:00 ] ::1 /Public/uploads/banner/%7B%7Bx%7D%7D
INFO: [ app_init ] --START--
INFO: Run Behavior\BuildLiteBehavior [ RunTime:0.000006s ]
INFO: [ app_init ] --END-- [ RunTime:0.000052s ]
ERR: 无法加载模块:Public

[ 2026-06-16T15:31:06+08:00 ] ::1 /Public/uploads/goods/%7B%7Bblank.gimage%7D%7D
INFO: [ app_init ] --START--
INFO: Run Behavior\BuildLiteBehavior [ RunTime:0.000003s ]
INFO: [ app_init ] --END-- [ RunTime:0.000033s ]
ERR: 无法加载模块:Public

[ 2026-06-16T15:31:06+08:00 ] ::1 /Public/uploads/banner/%7B%7Bblank.source[0]%7D%7D
INFO: [ app_init ] --START--
INFO: Run Behavior\BuildLiteBehavior [ RunTime:0.000020s ]
INFO: [ app_init ] --END-- [ RunTime:0.000338s ]
ERR: 无法加载模块:Public

[ 2026-06-16T15:31:06+08:00 ] ::1 /Public/uploads/banner/%7B%7Bx%7D%7D
INFO: [ app_init ] --START--
INFO: Run Behavior\BuildLiteBehavior [ RunTime:0.000004s ]
INFO: [ app_init ] --END-- [ RunTime:0.000028s ]
ERR: 无法加载模块:Public

[ 2026-06-16T15:34:19+08:00 ] ::1 /Public/uploads/goods/%7B%7Bblank.gimage%7D%7D
INFO: [ app_init ] --START--
INFO: Run Behavior\BuildLiteBehavior [ RunTime:0.000004s ]
INFO: [ app_init ] --END-- [ RunTime:0.000043s ]
ERR: 无法加载模块:Public

[ 2026-06-16T15:34:19+08:00 ] ::1 /Public/uploads/banner/%7B%7Bblank.source[0]%7D%7D
INFO: [ app_init ] --START--
INFO: Run Behavior\BuildLiteBehavior [ RunTime:0.000005s ]
INFO: [ app_init ] --END-- [ RunTime:0.000038s ]
ERR: 无法加载模块:Public

[ 2026-06-16T15:34:19+08:00 ] ::1 /Public/uploads/banner/%7B%7Bx%7D%7D
INFO: [ app_init ] --START--
INFO: Run Behavior\BuildLiteBehavior [ RunTime:0.000005s ]
INFO: [ app_init ] --END-- [ RunTime:0.000038s ]
ERR: 无法加载模块:Public

[ 2026-06-16T16:35:59+08:00 ] ::1 /Public/uploads/banner/%7B%7Bblank.source[0]%7D%7D
INFO: [ app_init ] --START--
INFO: Run Behavior\BuildLiteBehavior [ RunTime:0.000003s ]
INFO: [ app_init ] --END-- [ RunTime:0.000038s ]
ERR: 无法加载模块:Public

[ 2026-06-16T16:35:59+08:00 ] ::1 /Public/uploads/banner/%7B%7Bx%7D%7D
INFO: [ app_init ] --START--
INFO: Run Behavior\BuildLiteBehavior [ RunTime:0.000003s ]
INFO: [ app_init ] --END-- [ RunTime:0.000024s ]
ERR: 无法加载模块:Public

[ 2026-06-16T16:39:06+08:00 ] ::1 /Public/uploads/banner/%7B%7Bblank.source[0]%7D%7D
INFO: [ app_init ] --START--
INFO: Run Behavior\BuildLiteBehavior [ RunTime:0.000007s ]
INFO: [ app_init ] --END-- [ RunTime:0.000059s ]
ERR: 无法加载模块:Public

[ 2026-06-16T16:39:06+08:00 ] ::1 /Public/uploads/banner/%7B%7Bx%7D%7D
INFO: [ app_init ] --START--
INFO: Run Behavior\BuildLiteBehavior [ RunTime:0.000006s ]
INFO: [ app_init ] --END-- [ RunTime:0.000057s ]
ERR: 无法加载模块:Public

[ 2026-06-16T16:40:33+08:00 ] ::1 /Public/uploads/banner/%7B%7Bblank.source[0]%7D%7D
INFO: [ app_init ] --START--
INFO: Run Behavior\BuildLiteBehavior [ RunTime:0.000004s ]
INFO: [ app_init ] --END-- [ RunTime:0.000039s ]
ERR: 无法加载模块:Public

[ 2026-06-16T16:40:33+08:00 ] ::1 /Public/uploads/banner/%7B%7Bx%7D%7D
INFO: [ app_init ] --START--
INFO: Run Behavior\BuildLiteBehavior [ RunTime:0.000002s ]
INFO: [ app_init ] --END-- [ RunTime:0.000028s ]
ERR: 无法加载模块:Public

[ 2026-06-16T16:40:47+08:00 ] ::1 /Public/uploads/banner/%7B%7Bblank.source[0]%7D%7D
INFO: [ app_init ] --START--
INFO: Run Behavior\BuildLiteBehavior [ RunTime:0.000004s ]
INFO: [ app_init ] --END-- [ RunTime:0.000037s ]
ERR: 无法加载模块:Public

[ 2026-06-16T16:40:47+08:00 ] ::1 /Public/uploads/banner/%7B%7Bx%7D%7D
INFO: [ app_init ] --START--
INFO: Run Behavior\BuildLiteBehavior [ RunTime:0.000006s ]
INFO: [ app_init ] --END-- [ RunTime:0.000046s ]
ERR: 无法加载模块:Public

[ 2026-06-16T17:00:04+08:00 ] ::1 /Public/uploads/banner/%7B%7Bblank.source[0]%7D%7D
INFO: [ app_init ] --START--
INFO: Run Behavior\BuildLiteBehavior [ RunTime:0.000010s ]
INFO: [ app_init ] --END-- [ RunTime:0.000104s ]
ERR: 无法加载模块:Public

[ 2026-06-16T17:00:04+08:00 ] ::1 /Public/uploads/banner/%7B%7Bx%7D%7D
INFO: [ app_init ] --START--
INFO: Run Behavior\BuildLiteBehavior [ RunTime:0.000004s ]
INFO: [ app_init ] --END-- [ RunTime:0.000039s ]
ERR: 无法加载模块:Public

[ 2026-06-16T17:17:58+08:00 ] ::1 /Public/uploads/banner/%7B%7Bblank.source[0]%7D%7D
INFO: [ app_init ] --START--
INFO: Run Behavior\BuildLiteBehavior [ RunTime:0.000006s ]
INFO: [ app_init ] --END-- [ RunTime:0.000117s ]
ERR: 无法加载模块:Public

[ 2026-06-16T17:17:58+08:00 ] ::1 /Public/uploads/banner/%7B%7Bx%7D%7D
INFO: [ app_init ] --START--
INFO: Run Behavior\BuildLiteBehavior [ RunTime:0.000004s ]
INFO: [ app_init ] --END-- [ RunTime:0.000045s ]
ERR: 无法加载模块:Public

[ 2026-06-16T17:23:41+08:00 ] ::1 /Public/uploads/banner/677187340b61b.png
INFO: [ app_init ] --START--
INFO: Run Behavior\BuildLiteBehavior [ RunTime:0.000007s ]
INFO: [ app_init ] --END-- [ RunTime:0.000056s ]
ERR: 无法加载模块:Public

[ 2026-06-16T17:26:06+08:00 ] ::1 /Public/uploads/banner/%7B%7Bblank.source[0]%7D%7D
INFO: [ app_init ] --START--
INFO: Run Behavior\BuildLiteBehavior [ RunTime:0.000101s ]
INFO: [ app_init ] --END-- [ RunTime:0.000172s ]
ERR: 无法加载模块:Public

[ 2026-06-16T17:26:06+08:00 ] ::1 /Public/uploads/banner/%7B%7Bx%7D%7D
INFO: [ app_init ] --START--
INFO: Run Behavior\BuildLiteBehavior [ RunTime:0.000004s ]
INFO: [ app_init ] --END-- [ RunTime:0.000042s ]
ERR: 无法加载模块:Public

[ 2026-06-16T17:27:14+08:00 ] ::1 /Public/uploads/banner/%7B%7Bblank.source[0]%7D%7D
INFO: [ app_init ] --START--
INFO: Run Behavior\BuildLiteBehavior [ RunTime:0.000008s ]
INFO: [ app_init ] --END-- [ RunTime:0.000064s ]
ERR: 无法加载模块:Public

[ 2026-06-16T17:27:14+08:00 ] ::1 /Public/uploads/banner/%7B%7Bx%7D%7D
INFO: [ app_init ] --START--
INFO: Run Behavior\BuildLiteBehavior [ RunTime:0.000010s ]
INFO: [ app_init ] --END-- [ RunTime:0.000076s ]
ERR: 无法加载模块:Public

[ 2026-06-16T17:28:30+08:00 ] ::1 /Public/uploads/banner/%7B%7Bblank.source[0]%7D%7D
INFO: [ app_init ] --START--
INFO: Run Behavior\BuildLiteBehavior [ RunTime:0.000004s ]
INFO: [ app_init ] --END-- [ RunTime:0.000041s ]
ERR: 无法加载模块:Public

[ 2026-06-16T17:28:30+08:00 ] ::1 /Public/uploads/banner/%7B%7Bx%7D%7D
INFO: [ app_init ] --START--
INFO: Run Behavior\BuildLiteBehavior [ RunTime:0.000008s ]
INFO: [ app_init ] --END-- [ RunTime:0.000075s ]
ERR: 无法加载模块:Public

[ 2026-06-16T17:28:31+08:00 ] ::1 /Public/uploads/banner/%7B%7Bblank.source[0]%7D%7D
INFO: [ app_init ] --START--
INFO: Run Behavior\BuildLiteBehavior [ RunTime:0.000008s ]
INFO: [ app_init ] --END-- [ RunTime:0.000063s ]
ERR: 无法加载模块:Public

[ 2026-06-16T17:28:31+08:00 ] ::1 /Public/uploads/banner/%7B%7Bx%7D%7D
INFO: [ app_init ] --START--
INFO: Run Behavior\BuildLiteBehavior [ RunTime:0.000010s ]
INFO: [ app_init ] --END-- [ RunTime:0.000073s ]
ERR: 无法加载模块:Public

[ 2026-06-16T17:28:48+08:00 ] ::1 /Public/uploads/banner/677187340b61b.png
INFO: [ app_init ] --START--
INFO: Run Behavior\BuildLiteBehavior [ RunTime:0.000008s ]
INFO: [ app_init ] --END-- [ RunTime:0.000069s ]
ERR: 无法加载模块:Public

[ 2026-06-16T17:41:35+08:00 ] ::1 /Public/uploads/banner/%7B%7Bblank.source[0]%7D%7D
INFO: [ app_init ] --START--
INFO: Run Behavior\BuildLiteBehavior [ RunTime:0.000008s ]
INFO: [ app_init ] --END-- [ RunTime:0.000067s ]
ERR: 无法加载模块:Public

[ 2026-06-16T17:41:35+08:00 ] ::1 /Public/uploads/banner/%7B%7Bx%7D%7D
INFO: [ app_init ] --START--
INFO: Run Behavior\BuildLiteBehavior [ RunTime:0.000004s ]
INFO: [ app_init ] --END-- [ RunTime:0.000040s ]
ERR: 无法加载模块:Public

[ 2026-06-16T17:41:37+08:00 ] ::1 /Public/uploads/banner/%7B%7Bblank.source[0]%7D%7D
INFO: [ app_init ] --START--
INFO: Run Behavior\BuildLiteBehavior [ RunTime:0.000007s ]
INFO: [ app_init ] --END-- [ RunTime:0.000055s ]
ERR: 无法加载模块:Public

[ 2026-06-16T17:41:37+08:00 ] ::1 /Public/uploads/banner/%7B%7Bx%7D%7D
INFO: [ app_init ] --START--
INFO: Run Behavior\BuildLiteBehavior [ RunTime:0.000006s ]
INFO: [ app_init ] --END-- [ RunTime:0.000048s ]
ERR: 无法加载模块:Public

[ 2026-06-16T17:41:48+08:00 ] ::1 /Public/uploads/banner/677187340b61b.png
INFO: [ app_init ] --START--
INFO: Run Behavior\BuildLiteBehavior [ RunTime:0.000005s ]
INFO: [ app_init ] --END-- [ RunTime:0.000043s ]
ERR: 无法加载模块:Public

[ 2026-06-16T17:41:52+08:00 ] ::1 /Public/uploads/banner/677187340b61b.png
INFO: [ app_init ] --START--
INFO: Run Behavior\BuildLiteBehavior [ RunTime:0.000005s ]
INFO: [ app_init ] --END-- [ RunTime:0.000035s ]
ERR: 无法加载模块:Public

[ 2026-06-16T17:41:56+08:00 ] ::1 /Public/uploads/banner/%7B%7Bblank.source[0]%7D%7D
INFO: [ app_init ] --START--
INFO: Run Behavior\BuildLiteBehavior [ RunTime:0.000007s ]
INFO: [ app_init ] --END-- [ RunTime:0.000061s ]
ERR: 无法加载模块:Public

[ 2026-06-16T17:41:56+08:00 ] ::1 /Public/uploads/banner/%7B%7Bx%7D%7D
INFO: [ app_init ] --START--
INFO: Run Behavior\BuildLiteBehavior [ RunTime:0.000007s ]
INFO: [ app_init ] --END-- [ RunTime:0.000066s ]
ERR: 无法加载模块:Public

[ 2026-06-16T17:41:58+08:00 ] ::1 /Public/uploads/banner/%7B%7Bblank.source[0]%7D%7D
INFO: [ app_init ] --START--
INFO: Run Behavior\BuildLiteBehavior [ RunTime:0.000008s ]
INFO: [ app_init ] --END-- [ RunTime:0.000075s ]
ERR: 无法加载模块:Public

[ 2026-06-16T17:41:58+08:00 ] ::1 /Public/uploads/banner/%7B%7Bx%7D%7D
INFO: [ app_init ] --START--
INFO: Run Behavior\BuildLiteBehavior [ RunTime:0.000009s ]
INFO: [ app_init ] --END-- [ RunTime:0.000070s ]
ERR: 无法加载模块:Public

[ 2026-06-16T17:42:18+08:00 ] ::1 /Public/uploads/banner/%7B%7Bblank.source[0]%7D%7D
INFO: [ app_init ] --START--
INFO: Run Behavior\BuildLiteBehavior [ RunTime:0.000008s ]
INFO: [ app_init ] --END-- [ RunTime:0.000078s ]
ERR: 无法加载模块:Public

[ 2026-06-16T17:42:18+08:00 ] ::1 /Public/uploads/banner/%7B%7Bx%7D%7D
INFO: [ app_init ] --START--
INFO: Run Behavior\BuildLiteBehavior [ RunTime:0.000025s ]
INFO: [ app_init ] --END-- [ RunTime:0.000129s ]
ERR: 无法加载模块:Public

[ 2026-06-16T17:42:22+08:00 ] ::1 /Public/uploads/banner/677187340b61b.png
INFO: [ app_init ] --START--
INFO: Run Behavior\BuildLiteBehavior [ RunTime:0.000012s ]
INFO: [ app_init ] --END-- [ RunTime:0.000107s ]
ERR: 无法加载模块:Public

[ 2026-06-16T17:45:01+08:00 ] ::1 /Public/uploads/banner/%7B%7Bblank.source[0]%7D%7D
INFO: [ app_init ] --START--
INFO: Run Behavior\BuildLiteBehavior [ RunTime:0.000011s ]
INFO: [ app_init ] --END-- [ RunTime:0.000128s ]
ERR: 无法加载模块:Public

[ 2026-06-16T17:45:01+08:00 ] ::1 /Public/uploads/banner/%7B%7Bx%7D%7D
INFO: [ app_init ] --START--
INFO: Run Behavior\BuildLiteBehavior [ RunTime:0.000009s ]
INFO: [ app_init ] --END-- [ RunTime:0.000079s ]
ERR: 无法加载模块:Public

[ 2026-06-16T17:45:24+08:00 ] ::1 /Public/uploads/banner/%7B%7Bblank.source[0]%7D%7D
INFO: [ app_init ] --START--
INFO: Run Behavior\BuildLiteBehavior [ RunTime:0.000007s ]
INFO: [ app_init ] --END-- [ RunTime:0.000060s ]
ERR: 无法加载模块:Public

[ 2026-06-16T17:45:24+08:00 ] ::1 /Public/uploads/banner/%7B%7Bx%7D%7D
INFO: [ app_init ] --START--
INFO: Run Behavior\BuildLiteBehavior [ RunTime:0.000003s ]
INFO: [ app_init ] --END-- [ RunTime:0.000032s ]
ERR: 无法加载模块:Public

