[ 2026-07-03T11:26:43+08:00 ] 127.0.0.1 /.well-known/appspecific/com.chrome.devtools.json
INFO: [ app_init ] --START--
INFO: Run Behavior\BuildLiteBehavior [ RunTime:0.000007s ]
INFO: [ app_init ] --END-- [ RunTime:0.000175s ]
ERR: 无法加载模块:.well-known

[ 2026-07-03T11:26:43+08:00 ] 127.0.0.1 /Public/assets/css/lib/bootstrap.min.css.map
INFO: [ app_init ] --START--
INFO: Run Behavior\BuildLiteBehavior [ RunTime:0.000010s ]
INFO: [ app_init ] --END-- [ RunTime:0.000501s ]
ERR: 无法加载模块:Public

[ 2026-07-03T11:39:11+08:00 ] 127.0.0.1 /.well-known/appspecific/com.chrome.devtools.json
INFO: [ app_init ] --START--
INFO: Run Behavior\BuildLiteBehavior [ RunTime:0.000012s ]
INFO: [ app_init ] --END-- [ RunTime:0.000319s ]
ERR: 无法加载模块:.well-known

[ 2026-07-03T11:39:11+08:00 ] 127.0.0.1 /Public/assets/css/lib/bootstrap.min.css.map
INFO: [ app_init ] --START--
INFO: Run Behavior\BuildLiteBehavior [ RunTime:0.000009s ]
INFO: [ app_init ] --END-- [ RunTime:0.000172s ]
ERR: 无法加载模块:Public

[ 2026-07-03T11:42:11+08:00 ] 127.0.0.1 /.well-known/appspecific/com.chrome.devtools.json
INFO: [ app_init ] --START--
INFO: Run Behavior\BuildLiteBehavior [ RunTime:0.000005s ]
INFO: [ app_init ] --END-- [ RunTime:0.000087s ]
ERR: 无法加载模块:.well-known

[ 2026-07-03T11:42:11+08:00 ] 127.0.0.1 /Public/assets/css/lib/bootstrap.min.css.map
INFO: [ app_init ] --START--
INFO: Run Behavior\BuildLiteBehavior [ RunTime:0.000007s ]
INFO: [ app_init ] --END-- [ RunTime:0.000118s ]
ERR: 无法加载模块:Public

[ 2026-07-03T11:46:14+08:00 ] 127.0.0.1 /.well-known/appspecific/com.chrome.devtools.json
INFO: [ app_init ] --START--
INFO: Run Behavior\BuildLiteBehavior [ RunTime:0.000006s ]
INFO: [ app_init ] --END-- [ RunTime:0.000126s ]
ERR: 无法加载模块:.well-known

[ 2026-07-03T11:46:14+08:00 ] 127.0.0.1 /Public/assets/css/lib/bootstrap.min.css.map
INFO: [ app_init ] --START--
INFO: Run Behavior\BuildLiteBehavior [ RunTime:0.000009s ]
INFO: [ app_init ] --END-- [ RunTime:0.000095s ]
ERR: 无法加载模块:Public

[ 2026-07-03T11:46:37+08:00 ] 127.0.0.1 /.well-known/appspecific/com.chrome.devtools.json
INFO: [ app_init ] --START--
INFO: Run Behavior\BuildLiteBehavior [ RunTime:0.000007s ]
INFO: [ app_init ] --END-- [ RunTime:0.000097s ]
ERR: 无法加载模块:.well-known

[ 2026-07-03T11:46:37+08:00 ] 127.0.0.1 /Public/assets/css/lib/bootstrap.min.css.map
INFO: [ app_init ] --START--
INFO: Run Behavior\BuildLiteBehavior [ RunTime:0.000007s ]
INFO: [ app_init ] --END-- [ RunTime:0.000075s ]
ERR: 无法加载模块:Public

[ 2026-07-03T11:48:55+08:00 ] 127.0.0.1 /.well-known/appspecific/com.chrome.devtools.json
INFO: [ app_init ] --START--
INFO: Run Behavior\BuildLiteBehavior [ RunTime:0.000011s ]
INFO: [ app_init ] --END-- [ RunTime:0.000200s ]
ERR: 无法加载模块:.well-known

[ 2026-07-03T11:48:55+08:00 ] 127.0.0.1 /Public/assets/css/lib/bootstrap.min.css.map
INFO: [ app_init ] --START--
INFO: Run Behavior\BuildLiteBehavior [ RunTime:0.000014s ]
INFO: [ app_init ] --END-- [ RunTime:0.000206s ]
ERR: 无法加载模块:Public

[ 2026-07-03T11:50:32+08:00 ] 127.0.0.1 /.well-known/appspecific/com.chrome.devtools.json
INFO: [ app_init ] --START--
INFO: Run Behavior\BuildLiteBehavior [ RunTime:0.000009s ]
INFO: [ app_init ] --END-- [ RunTime:0.000243s ]
ERR: 无法加载模块:.well-known

[ 2026-07-03T11:50:32+08:00 ] 127.0.0.1 /Public/assets/css/lib/bootstrap.min.css.map
INFO: [ app_init ] --START--
INFO: Run Behavior\BuildLiteBehavior [ RunTime:0.000013s ]
INFO: [ app_init ] --END-- [ RunTime:0.000984s ]
ERR: 无法加载模块:Public

[ 2026-07-03T12:01:42+08:00 ] 127.0.0.1 /.well-known/appspecific/com.chrome.devtools.json
INFO: [ app_init ] --START--
INFO: Run Behavior\BuildLiteBehavior [ RunTime:0.000006s ]
INFO: [ app_init ] --END-- [ RunTime:0.000141s ]
ERR: 无法加载模块:.well-known

[ 2026-07-03T12:01:42+08:00 ] 127.0.0.1 /Public/assets/css/lib/bootstrap.min.css.map
INFO: [ app_init ] --START--
INFO: Run Behavior\BuildLiteBehavior [ RunTime:0.000006s ]
INFO: [ app_init ] --END-- [ RunTime:0.000159s ]
ERR: 无法加载模块:Public

[ 2026-07-03T12:04:59+08:00 ] 127.0.0.1 /.well-known/appspecific/com.chrome.devtools.json
INFO: [ app_init ] --START--
INFO: Run Behavior\BuildLiteBehavior [ RunTime:0.000008s ]
INFO: [ app_init ] --END-- [ RunTime:0.000100s ]
ERR: 无法加载模块:.well-known

[ 2026-07-03T12:05:00+08:00 ] 127.0.0.1 /Public/assets/css/lib/bootstrap.min.css.map
INFO: [ app_init ] --START--
INFO: Run Behavior\BuildLiteBehavior [ RunTime:0.000004s ]
INFO: [ app_init ] --END-- [ RunTime:0.000060s ]
ERR: 无法加载模块:Public

[ 2026-07-03T12:17:47+08:00 ] 127.0.0.1 /.well-known/appspecific/com.chrome.devtools.json
INFO: [ app_init ] --START--
INFO: Run Behavior\BuildLiteBehavior [ RunTime:0.000004s ]
INFO: [ app_init ] --END-- [ RunTime:0.000059s ]
ERR: 无法加载模块:.well-known

[ 2026-07-03T12:17:47+08:00 ] 127.0.0.1 /Public/assets/css/lib/bootstrap.min.css.map
INFO: [ app_init ] --START--
INFO: Run Behavior\BuildLiteBehavior [ RunTime:0.000005s ]
INFO: [ app_init ] --END-- [ RunTime:0.000077s ]
ERR: 无法加载模块:Public

[ 2026-07-03T12:18:00+08:00 ] 127.0.0.1 /.well-known/appspecific/com.chrome.devtools.json
INFO: [ app_init ] --START--
INFO: Run Behavior\BuildLiteBehavior [ RunTime:0.000006s ]
INFO: [ app_init ] --END-- [ RunTime:0.000077s ]
ERR: 无法加载模块:.well-known

[ 2026-07-03T12:18:00+08:00 ] 127.0.0.1 /Public/assets/css/lib/bootstrap.min.css.map
INFO: [ app_init ] --START--
INFO: Run Behavior\BuildLiteBehavior [ RunTime:0.000005s ]
INFO: [ app_init ] --END-- [ RunTime:0.000050s ]
ERR: 无法加载模块:Public

[ 2026-07-03T12:18:10+08:00 ] 127.0.0.1 /.well-known/appspecific/com.chrome.devtools.json
INFO: [ app_init ] --START--
INFO: Run Behavior\BuildLiteBehavior [ RunTime:0.000009s ]
INFO: [ app_init ] --END-- [ RunTime:0.000093s ]
ERR: 无法加载模块:.well-known

[ 2026-07-03T12:18:10+08:00 ] 127.0.0.1 /Public/assets/css/lib/bootstrap.min.css.map
INFO: [ app_init ] --START--
INFO: Run Behavior\BuildLiteBehavior [ RunTime:0.000004s ]
INFO: [ app_init ] --END-- [ RunTime:0.000054s ]
ERR: 无法加载模块:Public

[ 2026-07-03T12:24:32+08:00 ] 127.0.0.1 /.well-known/appspecific/com.chrome.devtools.json
INFO: [ app_init ] --START--
INFO: Run Behavior\BuildLiteBehavior [ RunTime:0.000005s ]
INFO: [ app_init ] --END-- [ RunTime:0.000081s ]
ERR: 无法加载模块:.well-known

[ 2026-07-03T12:24:32+08:00 ] 127.0.0.1 /Public/assets/css/lib/bootstrap.min.css.map
INFO: [ app_init ] --START--
INFO: Run Behavior\BuildLiteBehavior [ RunTime:0.000004s ]
INFO: [ app_init ] --END-- [ RunTime:0.000061s ]
ERR: 无法加载模块:Public

[ 2026-07-03T12:24:47+08:00 ] 127.0.0.1 /.well-known/appspecific/com.chrome.devtools.json
INFO: [ app_init ] --START--
INFO: Run Behavior\BuildLiteBehavior [ RunTime:0.000007s ]
INFO: [ app_init ] --END-- [ RunTime:0.000086s ]
ERR: 无法加载模块:.well-known

[ 2026-07-03T12:24:47+08:00 ] 127.0.0.1 /Public/assets/css/lib/bootstrap.min.css.map
INFO: [ app_init ] --START--
INFO: Run Behavior\BuildLiteBehavior [ RunTime:0.000009s ]
INFO: [ app_init ] --END-- [ RunTime:0.000087s ]
ERR: 无法加载模块:Public

[ 2026-07-03T12:24:59+08:00 ] 127.0.0.1 /.well-known/appspecific/com.chrome.devtools.json
INFO: [ app_init ] --START--
INFO: Run Behavior\BuildLiteBehavior [ RunTime:0.000010s ]
INFO: [ app_init ] --END-- [ RunTime:0.000197s ]
ERR: 无法加载模块:.well-known

[ 2026-07-03T12:24:59+08:00 ] 127.0.0.1 /Public/assets/css/lib/bootstrap.min.css.map
INFO: [ app_init ] --START--
INFO: Run Behavior\BuildLiteBehavior [ RunTime:0.000007s ]
INFO: [ app_init ] --END-- [ RunTime:0.000061s ]
ERR: 无法加载模块:Public

[ 2026-07-03T12:25:24+08:00 ] 127.0.0.1 /.well-known/appspecific/com.chrome.devtools.json
INFO: [ app_init ] --START--
INFO: Run Behavior\BuildLiteBehavior [ RunTime:0.000006s ]
INFO: [ app_init ] --END-- [ RunTime:0.000116s ]
ERR: 无法加载模块:.well-known

[ 2026-07-03T12:25:24+08:00 ] 127.0.0.1 /Public/assets/css/lib/bootstrap.min.css.map
INFO: [ app_init ] --START--
INFO: Run Behavior\BuildLiteBehavior [ RunTime:0.000005s ]
INFO: [ app_init ] --END-- [ RunTime:0.000047s ]
ERR: 无法加载模块:Public

[ 2026-07-03T12:25:28+08:00 ] 127.0.0.1 /.well-known/appspecific/com.chrome.devtools.json
INFO: [ app_init ] --START--
INFO: Run Behavior\BuildLiteBehavior [ RunTime:0.000005s ]
INFO: [ app_init ] --END-- [ RunTime:0.000070s ]
ERR: 无法加载模块:.well-known

[ 2026-07-03T12:25:28+08:00 ] 127.0.0.1 /Public/assets/css/lib/bootstrap.min.css.map
INFO: [ app_init ] --START--
INFO: Run Behavior\BuildLiteBehavior [ RunTime:0.000014s ]
INFO: [ app_init ] --END-- [ RunTime:0.000116s ]
ERR: 无法加载模块:Public

[ 2026-07-03T12:30:29+08:00 ] 127.0.0.1 /.well-known/appspecific/com.chrome.devtools.json
INFO: [ app_init ] --START--
INFO: Run Behavior\BuildLiteBehavior [ RunTime:0.000005s ]
INFO: [ app_init ] --END-- [ RunTime:0.000080s ]
ERR: 无法加载模块:.well-known

[ 2026-07-03T12:30:29+08:00 ] 127.0.0.1 /Public/assets/css/lib/bootstrap.min.css.map
INFO: [ app_init ] --START--
INFO: Run Behavior\BuildLiteBehavior [ RunTime:0.000009s ]
INFO: [ app_init ] --END-- [ RunTime:0.000124s ]
ERR: 无法加载模块:Public

[ 2026-07-03T12:30:33+08:00 ] 127.0.0.1 /.well-known/appspecific/com.chrome.devtools.json
INFO: [ app_init ] --START--
INFO: Run Behavior\BuildLiteBehavior [ RunTime:0.000011s ]
INFO: [ app_init ] --END-- [ RunTime:0.000190s ]
ERR: 无法加载模块:.well-known

[ 2026-07-03T12:30:33+08:00 ] 127.0.0.1 /Public/assets/css/lib/bootstrap.min.css.map
INFO: [ app_init ] --START--
INFO: Run Behavior\BuildLiteBehavior [ RunTime:0.000007s ]
INFO: [ app_init ] --END-- [ RunTime:0.000163s ]
ERR: 无法加载模块:Public

[ 2026-07-03T12:33:26+08:00 ] 127.0.0.1 /.well-known/appspecific/com.chrome.devtools.json
INFO: [ app_init ] --START--
INFO: Run Behavior\BuildLiteBehavior [ RunTime:0.000006s ]
INFO: [ app_init ] --END-- [ RunTime:0.000113s ]
ERR: 无法加载模块:.well-known

[ 2026-07-03T12:33:26+08:00 ] 127.0.0.1 /Public/assets/css/lib/bootstrap.min.css.map
INFO: [ app_init ] --START--
INFO: Run Behavior\BuildLiteBehavior [ RunTime:0.000009s ]
INFO: [ app_init ] --END-- [ RunTime:0.000107s ]
ERR: 无法加载模块:Public

[ 2026-07-03T12:33:45+08:00 ] 127.0.0.1 /.well-known/appspecific/com.chrome.devtools.json
INFO: [ app_init ] --START--
INFO: Run Behavior\BuildLiteBehavior [ RunTime:0.000004s ]
INFO: [ app_init ] --END-- [ RunTime:0.000040s ]
ERR: 无法加载模块:.well-known

[ 2026-07-03T12:33:45+08:00 ] 127.0.0.1 /Public/assets/css/lib/bootstrap.min.css.map
INFO: [ app_init ] --START--
INFO: Run Behavior\BuildLiteBehavior [ RunTime:0.000006s ]
INFO: [ app_init ] --END-- [ RunTime:0.000056s ]
ERR: 无法加载模块:Public

[ 2026-07-03T12:33:59+08:00 ] 127.0.0.1 /.well-known/appspecific/com.chrome.devtools.json
INFO: [ app_init ] --START--
INFO: Run Behavior\BuildLiteBehavior [ RunTime:0.000009s ]
INFO: [ app_init ] --END-- [ RunTime:0.000062s ]
ERR: 无法加载模块:.well-known

[ 2026-07-03T12:33:59+08:00 ] 127.0.0.1 /Public/assets/css/lib/bootstrap.min.css.map
INFO: [ app_init ] --START--
INFO: Run Behavior\BuildLiteBehavior [ RunTime:0.000006s ]
INFO: [ app_init ] --END-- [ RunTime:0.000058s ]
ERR: 无法加载模块:Public

[ 2026-07-03T12:37:26+08:00 ] 127.0.0.1 /.well-known/appspecific/com.chrome.devtools.json
INFO: [ app_init ] --START--
INFO: Run Behavior\BuildLiteBehavior [ RunTime:0.000011s ]
INFO: [ app_init ] --END-- [ RunTime:0.000184s ]
ERR: 无法加载模块:.well-known

[ 2026-07-03T12:37:26+08:00 ] 127.0.0.1 /Public/assets/css/lib/bootstrap.min.css.map
INFO: [ app_init ] --START--
INFO: Run Behavior\BuildLiteBehavior [ RunTime:0.000007s ]
INFO: [ app_init ] --END-- [ RunTime:0.000166s ]
ERR: 无法加载模块:Public

[ 2026-07-03T12:37:37+08:00 ] 127.0.0.1 /.well-known/appspecific/com.chrome.devtools.json
INFO: [ app_init ] --START--
INFO: Run Behavior\BuildLiteBehavior [ RunTime:0.000006s ]
INFO: [ app_init ] --END-- [ RunTime:0.000059s ]
ERR: 无法加载模块:.well-known

[ 2026-07-03T12:37:37+08:00 ] 127.0.0.1 /Public/assets/css/lib/bootstrap.min.css.map
INFO: [ app_init ] --START--
INFO: Run Behavior\BuildLiteBehavior [ RunTime:0.000010s ]
INFO: [ app_init ] --END-- [ RunTime:0.000088s ]
ERR: 无法加载模块:Public

[ 2026-07-03T14:55:17+08:00 ] 127.0.0.1 /.well-known/appspecific/com.chrome.devtools.json
INFO: [ app_init ] --START--
INFO: Run Behavior\BuildLiteBehavior [ RunTime:0.000011s ]
INFO: [ app_init ] --END-- [ RunTime:0.000327s ]
ERR: 无法加载模块:.well-known

[ 2026-07-03T14:55:17+08:00 ] 127.0.0.1 /Public/assets/css/lib/bootstrap.min.css.map
INFO: [ app_init ] --START--
INFO: Run Behavior\BuildLiteBehavior [ RunTime:0.000007s ]
INFO: [ app_init ] --END-- [ RunTime:0.000130s ]
ERR: 无法加载模块:Public

[ 2026-07-03T15:11:14+08:00 ] 127.0.0.1 /.well-known/appspecific/com.chrome.devtools.json
INFO: [ app_init ] --START--
INFO: Run Behavior\BuildLiteBehavior [ RunTime:0.000009s ]
INFO: [ app_init ] --END-- [ RunTime:0.000184s ]
ERR: 无法加载模块:.well-known

[ 2026-07-03T15:11:14+08:00 ] 127.0.0.1 /Public/assets/css/lib/bootstrap.min.css.map
INFO: [ app_init ] --START--
INFO: Run Behavior\BuildLiteBehavior [ RunTime:0.000008s ]
INFO: [ app_init ] --END-- [ RunTime:0.000137s ]
ERR: 无法加载模块:Public

[ 2026-07-03T15:13:02+08:00 ] 127.0.0.1 /.well-known/appspecific/com.chrome.devtools.json
INFO: [ app_init ] --START--
INFO: Run Behavior\BuildLiteBehavior [ RunTime:0.000006s ]
INFO: [ app_init ] --END-- [ RunTime:0.000113s ]
ERR: 无法加载模块:.well-known

[ 2026-07-03T15:13:02+08:00 ] 127.0.0.1 /Public/assets/css/lib/bootstrap.min.css.map
INFO: [ app_init ] --START--
INFO: Run Behavior\BuildLiteBehavior [ RunTime:0.000005s ]
INFO: [ app_init ] --END-- [ RunTime:0.000194s ]
ERR: 无法加载模块:Public

[ 2026-07-03T15:13:39+08:00 ] 127.0.0.1 /.well-known/appspecific/com.chrome.devtools.json
INFO: [ app_init ] --START--
INFO: Run Behavior\BuildLiteBehavior [ RunTime:0.000006s ]
INFO: [ app_init ] --END-- [ RunTime:0.000083s ]
ERR: 无法加载模块:.well-known

[ 2026-07-03T15:13:39+08:00 ] 127.0.0.1 /Public/assets/css/lib/bootstrap.min.css.map
INFO: [ app_init ] --START--
INFO: Run Behavior\BuildLiteBehavior [ RunTime:0.000005s ]
INFO: [ app_init ] --END-- [ RunTime:0.000079s ]
ERR: 无法加载模块:Public

[ 2026-07-03T15:14:07+08:00 ] 127.0.0.1 /.well-known/appspecific/com.chrome.devtools.json
INFO: [ app_init ] --START--
INFO: Run Behavior\BuildLiteBehavior [ RunTime:0.000009s ]
INFO: [ app_init ] --END-- [ RunTime:0.000201s ]
ERR: 无法加载模块:.well-known

[ 2026-07-03T15:14:07+08:00 ] 127.0.0.1 /Public/assets/css/lib/bootstrap.min.css.map
INFO: [ app_init ] --START--
INFO: Run Behavior\BuildLiteBehavior [ RunTime:0.000014s ]
INFO: [ app_init ] --END-- [ RunTime:0.000185s ]
ERR: 无法加载模块:Public

[ 2026-07-03T16:24:19+08:00 ] 127.0.0.1 /.well-known/appspecific/com.chrome.devtools.json
INFO: [ app_init ] --START--
INFO: Run Behavior\BuildLiteBehavior [ RunTime:0.000009s ]
INFO: [ app_init ] --END-- [ RunTime:0.000175s ]
ERR: 无法加载模块:.well-known

[ 2026-07-03T16:24:19+08:00 ] 127.0.0.1 /Public/assets/css/lib/bootstrap.min.css.map
INFO: [ app_init ] --START--
INFO: Run Behavior\BuildLiteBehavior [ RunTime:0.000005s ]
INFO: [ app_init ] --END-- [ RunTime:0.000108s ]
ERR: 无法加载模块:Public

[ 2026-07-03T16:24:20+08:00 ] 127.0.0.1 /.well-known/appspecific/com.chrome.devtools.json
INFO: [ app_init ] --START--
INFO: Run Behavior\BuildLiteBehavior [ RunTime:0.000004s ]
INFO: [ app_init ] --END-- [ RunTime:0.000042s ]
ERR: 无法加载模块:.well-known

[ 2026-07-03T16:24:20+08:00 ] 127.0.0.1 /Public/assets/css/lib/bootstrap.min.css.map
INFO: [ app_init ] --START--
INFO: Run Behavior\BuildLiteBehavior [ RunTime:0.000005s ]
INFO: [ app_init ] --END-- [ RunTime:0.000060s ]
ERR: 无法加载模块:Public

[ 2026-07-03T16:24:23+08:00 ] 127.0.0.1 /.well-known/appspecific/com.chrome.devtools.json
INFO: [ app_init ] --START--
INFO: Run Behavior\BuildLiteBehavior [ RunTime:0.000012s ]
INFO: [ app_init ] --END-- [ RunTime:0.000101s ]
ERR: 无法加载模块:.well-known

[ 2026-07-03T16:24:23+08:00 ] 127.0.0.1 /Public/assets/css/lib/bootstrap.min.css.map
INFO: [ app_init ] --START--
INFO: Run Behavior\BuildLiteBehavior [ RunTime:0.000009s ]
INFO: [ app_init ] --END-- [ RunTime:0.000170s ]
ERR: 无法加载模块:Public

[ 2026-07-03T16:27:13+08:00 ] 127.0.0.1 /.well-known/appspecific/com.chrome.devtools.json
INFO: [ app_init ] --START--
INFO: Run Behavior\BuildLiteBehavior [ RunTime:0.000007s ]
INFO: [ app_init ] --END-- [ RunTime:0.000099s ]
ERR: 无法加载模块:.well-known

[ 2026-07-03T16:27:13+08:00 ] 127.0.0.1 /Public/assets/css/lib/bootstrap.min.css.map
INFO: [ app_init ] --START--
INFO: Run Behavior\BuildLiteBehavior [ RunTime:0.000006s ]
INFO: [ app_init ] --END-- [ RunTime:0.000090s ]
ERR: 无法加载模块:Public

[ 2026-07-03T16:29:37+08:00 ] 127.0.0.1 /.well-known/appspecific/com.chrome.devtools.json
INFO: [ app_init ] --START--
INFO: Run Behavior\BuildLiteBehavior [ RunTime:0.000008s ]
INFO: [ app_init ] --END-- [ RunTime:0.000126s ]
ERR: 无法加载模块:.well-known

[ 2026-07-03T16:29:38+08:00 ] 127.0.0.1 /Public/assets/css/lib/bootstrap.min.css.map
INFO: [ app_init ] --START--
INFO: Run Behavior\BuildLiteBehavior [ RunTime:0.000009s ]
INFO: [ app_init ] --END-- [ RunTime:0.000170s ]
ERR: 无法加载模块:Public

[ 2026-07-03T16:38:15+08:00 ] 127.0.0.1 /.well-known/appspecific/com.chrome.devtools.json
INFO: [ app_init ] --START--
INFO: Run Behavior\BuildLiteBehavior [ RunTime:0.000007s ]
INFO: [ app_init ] --END-- [ RunTime:0.000090s ]
ERR: 无法加载模块:.well-known

[ 2026-07-03T16:38:15+08:00 ] 127.0.0.1 /Public/assets/css/lib/bootstrap.min.css.map
INFO: [ app_init ] --START--
INFO: Run Behavior\BuildLiteBehavior [ RunTime:0.000009s ]
INFO: [ app_init ] --END-- [ RunTime:0.000212s ]
ERR: 无法加载模块:Public

[ 2026-07-03T16:38:16+08:00 ] 127.0.0.1 /.well-known/appspecific/com.chrome.devtools.json
INFO: [ app_init ] --START--
INFO: Run Behavior\BuildLiteBehavior [ RunTime:0.000004s ]
INFO: [ app_init ] --END-- [ RunTime:0.000048s ]
ERR: 无法加载模块:.well-known

[ 2026-07-03T16:38:16+08:00 ] 127.0.0.1 /Public/assets/css/lib/bootstrap.min.css.map
INFO: [ app_init ] --START--
INFO: Run Behavior\BuildLiteBehavior [ RunTime:0.000004s ]
INFO: [ app_init ] --END-- [ RunTime:0.000044s ]
ERR: 无法加载模块:Public

[ 2026-07-03T18:59:12+08:00 ] 127.0.0.1 /.well-known/appspecific/com.chrome.devtools.json
INFO: [ app_init ] --START--
INFO: Run Behavior\BuildLiteBehavior [ RunTime:0.000012s ]
INFO: [ app_init ] --END-- [ RunTime:0.002524s ]
ERR: 无法加载模块:.well-known

[ 2026-07-03T18:59:12+08:00 ] 127.0.0.1 /Public/assets/css/lib/bootstrap.min.css.map
INFO: [ app_init ] --START--
INFO: Run Behavior\BuildLiteBehavior [ RunTime:0.000012s ]
INFO: [ app_init ] --END-- [ RunTime:0.000295s ]
ERR: 无法加载模块:Public

[ 2026-07-03T19:01:33+08:00 ] 127.0.0.1 /.well-known/appspecific/com.chrome.devtools.json
INFO: [ app_init ] --START--
INFO: Run Behavior\BuildLiteBehavior [ RunTime:0.000007s ]
INFO: [ app_init ] --END-- [ RunTime:0.000134s ]
ERR: 无法加载模块:.well-known

[ 2026-07-03T19:01:33+08:00 ] 127.0.0.1 /Public/assets/css/lib/bootstrap.min.css.map
INFO: [ app_init ] --START--
INFO: Run Behavior\BuildLiteBehavior [ RunTime:0.000018s ]
INFO: [ app_init ] --END-- [ RunTime:0.000342s ]
ERR: 无法加载模块:Public

[ 2026-07-03T19:01:39+08:00 ] 127.0.0.1 /.well-known/appspecific/com.chrome.devtools.json
INFO: [ app_init ] --START--
INFO: Run Behavior\BuildLiteBehavior [ RunTime:0.000006s ]
INFO: [ app_init ] --END-- [ RunTime:0.000054s ]
ERR: 无法加载模块:.well-known

[ 2026-07-03T19:01:39+08:00 ] 127.0.0.1 /Public/assets/css/lib/bootstrap.min.css.map
INFO: [ app_init ] --START--
INFO: Run Behavior\BuildLiteBehavior [ RunTime:0.000012s ]
INFO: [ app_init ] --END-- [ RunTime:0.000153s ]
ERR: 无法加载模块:Public

[ 2026-07-03T19:01:41+08:00 ] 127.0.0.1 /.well-known/appspecific/com.chrome.devtools.json
INFO: [ app_init ] --START--
INFO: Run Behavior\BuildLiteBehavior [ RunTime:0.000007s ]
INFO: [ app_init ] --END-- [ RunTime:0.000061s ]
ERR: 无法加载模块:.well-known

[ 2026-07-03T19:01:41+08:00 ] 127.0.0.1 /Public/assets/css/lib/bootstrap.min.css.map
INFO: [ app_init ] --START--
INFO: Run Behavior\BuildLiteBehavior [ RunTime:0.000006s ]
INFO: [ app_init ] --END-- [ RunTime:0.000054s ]
ERR: 无法加载模块:Public

[ 2026-07-03T19:02:11+08:00 ] 127.0.0.1 /.well-known/appspecific/com.chrome.devtools.json
INFO: [ app_init ] --START--
INFO: Run Behavior\BuildLiteBehavior [ RunTime:0.000006s ]
INFO: [ app_init ] --END-- [ RunTime:0.000123s ]
ERR: 无法加载模块:.well-known

[ 2026-07-03T19:02:11+08:00 ] 127.0.0.1 /Public/assets/css/lib/bootstrap.min.css.map
INFO: [ app_init ] --START--
INFO: Run Behavior\BuildLiteBehavior [ RunTime:0.000009s ]
INFO: [ app_init ] --END-- [ RunTime:0.000125s ]
ERR: 无法加载模块:Public

[ 2026-07-03T19:03:12+08:00 ] 127.0.0.1 /.well-known/appspecific/com.chrome.devtools.json
INFO: [ app_init ] --START--
INFO: Run Behavior\BuildLiteBehavior [ RunTime:0.000008s ]
INFO: [ app_init ] --END-- [ RunTime:0.000176s ]
ERR: 无法加载模块:.well-known

[ 2026-07-03T19:03:12+08:00 ] 127.0.0.1 /Public/assets/css/lib/bootstrap.min.css.map
INFO: [ app_init ] --START--
INFO: Run Behavior\BuildLiteBehavior [ RunTime:0.000008s ]
INFO: [ app_init ] --END-- [ RunTime:0.000068s ]
ERR: 无法加载模块:Public

[ 2026-07-03T19:03:25+08:00 ] 127.0.0.1 /.well-known/appspecific/com.chrome.devtools.json
INFO: [ app_init ] --START--
INFO: Run Behavior\BuildLiteBehavior [ RunTime:0.000009s ]
INFO: [ app_init ] --END-- [ RunTime:0.000385s ]
ERR: 无法加载模块:.well-known

[ 2026-07-03T19:03:25+08:00 ] 127.0.0.1 /Public/assets/css/lib/bootstrap.min.css.map
INFO: [ app_init ] --START--
INFO: Run Behavior\BuildLiteBehavior [ RunTime:0.000008s ]
INFO: [ app_init ] --END-- [ RunTime:0.000070s ]
ERR: 无法加载模块:Public

[ 2026-07-03T19:03:26+08:00 ] 127.0.0.1 /.well-known/appspecific/com.chrome.devtools.json
INFO: [ app_init ] --START--
INFO: Run Behavior\BuildLiteBehavior [ RunTime:0.000009s ]
INFO: [ app_init ] --END-- [ RunTime:0.000211s ]
ERR: 无法加载模块:.well-known

[ 2026-07-03T19:03:26+08:00 ] 127.0.0.1 /Public/assets/css/lib/bootstrap.min.css.map
INFO: [ app_init ] --START--
INFO: Run Behavior\BuildLiteBehavior [ RunTime:0.000005s ]
INFO: [ app_init ] --END-- [ RunTime:0.000082s ]
ERR: 无法加载模块:Public

[ 2026-07-03T19:07:11+08:00 ] 127.0.0.1 /.well-known/appspecific/com.chrome.devtools.json
INFO: [ app_init ] --START--
INFO: Run Behavior\BuildLiteBehavior [ RunTime:0.000005s ]
INFO: [ app_init ] --END-- [ RunTime:0.000087s ]
ERR: 无法加载模块:.well-known

[ 2026-07-03T19:07:11+08:00 ] 127.0.0.1 /Public/assets/css/lib/bootstrap.min.css.map
INFO: [ app_init ] --START--
INFO: Run Behavior\BuildLiteBehavior [ RunTime:0.000010s ]
INFO: [ app_init ] --END-- [ RunTime:0.000164s ]
ERR: 无法加载模块:Public

[ 2026-07-03T19:07:12+08:00 ] 127.0.0.1 /.well-known/appspecific/com.chrome.devtools.json
INFO: [ app_init ] --START--
INFO: Run Behavior\BuildLiteBehavior [ RunTime:0.000009s ]
INFO: [ app_init ] --END-- [ RunTime:0.000108s ]
ERR: 无法加载模块:.well-known

[ 2026-07-03T19:07:12+08:00 ] 127.0.0.1 /Public/assets/css/lib/bootstrap.min.css.map
INFO: [ app_init ] --START--
INFO: Run Behavior\BuildLiteBehavior [ RunTime:0.000006s ]
INFO: [ app_init ] --END-- [ RunTime:0.000054s ]
ERR: 无法加载模块:Public

[ 2026-07-03T19:07:14+08:00 ] 127.0.0.1 /.well-known/appspecific/com.chrome.devtools.json
INFO: [ app_init ] --START--
INFO: Run Behavior\BuildLiteBehavior [ RunTime:0.000010s ]
INFO: [ app_init ] --END-- [ RunTime:0.000099s ]
ERR: 无法加载模块:.well-known

[ 2026-07-03T19:07:14+08:00 ] 127.0.0.1 /Public/assets/css/lib/bootstrap.min.css.map
INFO: [ app_init ] --START--
INFO: Run Behavior\BuildLiteBehavior [ RunTime:0.000004s ]
INFO: [ app_init ] --END-- [ RunTime:0.000056s ]
ERR: 无法加载模块:Public

[ 2026-07-03T19:09:33+08:00 ] 127.0.0.1 /.well-known/appspecific/com.chrome.devtools.json
INFO: [ app_init ] --START--
INFO: Run Behavior\BuildLiteBehavior [ RunTime:0.000006s ]
INFO: [ app_init ] --END-- [ RunTime:0.000063s ]
ERR: 无法加载模块:.well-known

[ 2026-07-03T19:09:33+08:00 ] 127.0.0.1 /Public/assets/css/lib/bootstrap.min.css.map
INFO: [ app_init ] --START--
INFO: Run Behavior\BuildLiteBehavior [ RunTime:0.000012s ]
INFO: [ app_init ] --END-- [ RunTime:0.000088s ]
ERR: 无法加载模块:Public

[ 2026-07-03T19:09:45+08:00 ] 127.0.0.1 /.well-known/appspecific/com.chrome.devtools.json
INFO: [ app_init ] --START--
INFO: Run Behavior\BuildLiteBehavior [ RunTime:0.000005s ]
INFO: [ app_init ] --END-- [ RunTime:0.000145s ]
ERR: 无法加载模块:.well-known

[ 2026-07-03T19:09:45+08:00 ] 127.0.0.1 /Public/assets/css/lib/bootstrap.min.css.map
INFO: [ app_init ] --START--
INFO: Run Behavior\BuildLiteBehavior [ RunTime:0.000008s ]
INFO: [ app_init ] --END-- [ RunTime:0.000145s ]
ERR: 无法加载模块:Public

[ 2026-07-03T19:09:46+08:00 ] 127.0.0.1 /.well-known/appspecific/com.chrome.devtools.json
INFO: [ app_init ] --START--
INFO: Run Behavior\BuildLiteBehavior [ RunTime:0.000018s ]
INFO: [ app_init ] --END-- [ RunTime:0.000387s ]
ERR: 无法加载模块:.well-known

[ 2026-07-03T19:09:46+08:00 ] 127.0.0.1 /Public/assets/css/lib/bootstrap.min.css.map
INFO: [ app_init ] --START--
INFO: Run Behavior\BuildLiteBehavior [ RunTime:0.000005s ]
INFO: [ app_init ] --END-- [ RunTime:0.000045s ]
ERR: 无法加载模块:Public

[ 2026-07-03T19:09:47+08:00 ] 127.0.0.1 /.well-known/appspecific/com.chrome.devtools.json
INFO: [ app_init ] --START--
INFO: Run Behavior\BuildLiteBehavior [ RunTime:0.000004s ]
INFO: [ app_init ] --END-- [ RunTime:0.000044s ]
ERR: 无法加载模块:.well-known

[ 2026-07-03T19:09:47+08:00 ] 127.0.0.1 /Public/assets/css/lib/bootstrap.min.css.map
INFO: [ app_init ] --START--
INFO: Run Behavior\BuildLiteBehavior [ RunTime:0.000008s ]
INFO: [ app_init ] --END-- [ RunTime:0.000106s ]
ERR: 无法加载模块:Public

[ 2026-07-03T19:09:48+08:00 ] 127.0.0.1 /.well-known/appspecific/com.chrome.devtools.json
INFO: [ app_init ] --START--
INFO: Run Behavior\BuildLiteBehavior [ RunTime:0.000008s ]
INFO: [ app_init ] --END-- [ RunTime:0.000084s ]
ERR: 无法加载模块:.well-known

[ 2026-07-03T19:09:48+08:00 ] 127.0.0.1 /Public/assets/css/lib/bootstrap.min.css.map
INFO: [ app_init ] --START--
INFO: Run Behavior\BuildLiteBehavior [ RunTime:0.000007s ]
INFO: [ app_init ] --END-- [ RunTime:0.000077s ]
ERR: 无法加载模块:Public

[ 2026-07-03T19:09:49+08:00 ] 127.0.0.1 /.well-known/appspecific/com.chrome.devtools.json
INFO: [ app_init ] --START--
INFO: Run Behavior\BuildLiteBehavior [ RunTime:0.000007s ]
INFO: [ app_init ] --END-- [ RunTime:0.000063s ]
ERR: 无法加载模块:.well-known

[ 2026-07-03T19:09:49+08:00 ] 127.0.0.1 /Public/assets/css/lib/bootstrap.min.css.map
INFO: [ app_init ] --START--
INFO: Run Behavior\BuildLiteBehavior [ RunTime:0.000006s ]
INFO: [ app_init ] --END-- [ RunTime:0.000067s ]
ERR: 无法加载模块:Public

[ 2026-07-03T19:09:49+08:00 ] 127.0.0.1 /.well-known/appspecific/com.chrome.devtools.json
INFO: [ app_init ] --START--
INFO: Run Behavior\BuildLiteBehavior [ RunTime:0.000004s ]
INFO: [ app_init ] --END-- [ RunTime:0.000044s ]
ERR: 无法加载模块:.well-known

[ 2026-07-03T19:09:49+08:00 ] 127.0.0.1 /Public/assets/css/lib/bootstrap.min.css.map
INFO: [ app_init ] --START--
INFO: Run Behavior\BuildLiteBehavior [ RunTime:0.000004s ]
INFO: [ app_init ] --END-- [ RunTime:0.000046s ]
ERR: 无法加载模块:Public

[ 2026-07-03T19:10:54+08:00 ] 127.0.0.1 /.well-known/appspecific/com.chrome.devtools.json
INFO: [ app_init ] --START--
INFO: Run Behavior\BuildLiteBehavior [ RunTime:0.000008s ]
INFO: [ app_init ] --END-- [ RunTime:0.000179s ]
ERR: 无法加载模块:.well-known

[ 2026-07-03T19:10:54+08:00 ] 127.0.0.1 /Public/assets/css/lib/bootstrap.min.css.map
INFO: [ app_init ] --START--
INFO: Run Behavior\BuildLiteBehavior [ RunTime:0.000011s ]
INFO: [ app_init ] --END-- [ RunTime:0.000247s ]
ERR: 无法加载模块:Public

[ 2026-07-03T19:10:55+08:00 ] 127.0.0.1 /.well-known/appspecific/com.chrome.devtools.json
INFO: [ app_init ] --START--
INFO: Run Behavior\BuildLiteBehavior [ RunTime:0.000006s ]
INFO: [ app_init ] --END-- [ RunTime:0.000053s ]
ERR: 无法加载模块:.well-known

[ 2026-07-03T19:10:55+08:00 ] 127.0.0.1 /Public/assets/css/lib/bootstrap.min.css.map
INFO: [ app_init ] --START--
INFO: Run Behavior\BuildLiteBehavior [ RunTime:0.000006s ]
INFO: [ app_init ] --END-- [ RunTime:0.000057s ]
ERR: 无法加载模块:Public

[ 2026-07-03T19:10:56+08:00 ] 127.0.0.1 /.well-known/appspecific/com.chrome.devtools.json
INFO: [ app_init ] --START--
INFO: Run Behavior\BuildLiteBehavior [ RunTime:0.000008s ]
INFO: [ app_init ] --END-- [ RunTime:0.000114s ]
ERR: 无法加载模块:.well-known

[ 2026-07-03T19:10:56+08:00 ] 127.0.0.1 /Public/assets/css/lib/bootstrap.min.css.map
INFO: [ app_init ] --START--
INFO: Run Behavior\BuildLiteBehavior [ RunTime:0.000005s ]
INFO: [ app_init ] --END-- [ RunTime:0.000089s ]
ERR: 无法加载模块:Public

[ 2026-07-03T19:15:21+08:00 ] 127.0.0.1 /.well-known/appspecific/com.chrome.devtools.json
INFO: [ app_init ] --START--
INFO: Run Behavior\BuildLiteBehavior [ RunTime:0.000005s ]
INFO: [ app_init ] --END-- [ RunTime:0.000070s ]
ERR: 无法加载模块:.well-known

[ 2026-07-03T19:15:21+08:00 ] 127.0.0.1 /Public/assets/css/lib/bootstrap.min.css.map
INFO: [ app_init ] --START--
INFO: Run Behavior\BuildLiteBehavior [ RunTime:0.000005s ]
INFO: [ app_init ] --END-- [ RunTime:0.000192s ]
ERR: 无法加载模块:Public

[ 2026-07-03T19:15:23+08:00 ] 127.0.0.1 /.well-known/appspecific/com.chrome.devtools.json
INFO: [ app_init ] --START--
INFO: Run Behavior\BuildLiteBehavior [ RunTime:0.000005s ]
INFO: [ app_init ] --END-- [ RunTime:0.000072s ]
ERR: 无法加载模块:.well-known

[ 2026-07-03T19:15:23+08:00 ] 127.0.0.1 /Public/assets/css/lib/bootstrap.min.css.map
INFO: [ app_init ] --START--
INFO: Run Behavior\BuildLiteBehavior [ RunTime:0.000005s ]
INFO: [ app_init ] --END-- [ RunTime:0.000046s ]
ERR: 无法加载模块:Public

[ 2026-07-03T19:25:40+08:00 ] 127.0.0.1 /.well-known/appspecific/com.chrome.devtools.json
INFO: [ app_init ] --START--
INFO: Run Behavior\BuildLiteBehavior [ RunTime:0.000009s ]
INFO: [ app_init ] --END-- [ RunTime:0.000083s ]
ERR: 无法加载模块:.well-known

[ 2026-07-03T19:25:40+08:00 ] 127.0.0.1 /Public/assets/css/lib/bootstrap.min.css.map
INFO: [ app_init ] --START--
INFO: Run Behavior\BuildLiteBehavior [ RunTime:0.000011s ]
INFO: [ app_init ] --END-- [ RunTime:0.000085s ]
ERR: 无法加载模块:Public

[ 2026-07-03T20:07:05+08:00 ] 127.0.0.1 /.well-known/appspecific/com.chrome.devtools.json
INFO: [ app_init ] --START--
INFO: Run Behavior\BuildLiteBehavior [ RunTime:0.000010s ]
INFO: [ app_init ] --END-- [ RunTime:0.000172s ]
ERR: 无法加载模块:.well-known

[ 2026-07-03T20:07:05+08:00 ] 127.0.0.1 /Public/assets/css/lib/bootstrap.min.css.map
INFO: [ app_init ] --START--
INFO: Run Behavior\BuildLiteBehavior [ RunTime:0.000008s ]
INFO: [ app_init ] --END-- [ RunTime:0.000181s ]
ERR: 无法加载模块:Public

[ 2026-07-03T20:07:23+08:00 ] 127.0.0.1 /.well-known/appspecific/com.chrome.devtools.json
INFO: [ app_init ] --START--
INFO: Run Behavior\BuildLiteBehavior [ RunTime:0.000019s ]
INFO: [ app_init ] --END-- [ RunTime:0.000136s ]
ERR: 无法加载模块:.well-known

[ 2026-07-03T20:07:23+08:00 ] 127.0.0.1 /Public/assets/css/lib/bootstrap.min.css.map
INFO: [ app_init ] --START--
INFO: Run Behavior\BuildLiteBehavior [ RunTime:0.000008s ]
INFO: [ app_init ] --END-- [ RunTime:0.000065s ]
ERR: 无法加载模块:Public

[ 2026-07-03T20:07:49+08:00 ] 127.0.0.1 /.well-known/appspecific/com.chrome.devtools.json
INFO: [ app_init ] --START--
INFO: Run Behavior\BuildLiteBehavior [ RunTime:0.000007s ]
INFO: [ app_init ] --END-- [ RunTime:0.000097s ]
ERR: 无法加载模块:.well-known

[ 2026-07-03T20:07:49+08:00 ] 127.0.0.1 /Public/assets/css/lib/bootstrap.min.css.map
INFO: [ app_init ] --START--
INFO: Run Behavior\BuildLiteBehavior [ RunTime:0.000005s ]
INFO: [ app_init ] --END-- [ RunTime:0.000062s ]
ERR: 无法加载模块:Public

